[    0.000000] Initializing cgroup subsys cpuset
[    0.000000] Initializing cgroup subsys cpu
[    0.000000] Initializing cgroup subsys cpuacct
[    0.000000] Linux version 4.4.0-83-generic (buildd@lgw01-29) (gcc version 5.4.0 20160609 (Ubuntu 5.4.0-6ubuntu1~16.04.4) ) #106-Ubuntu SMP Mon Jun 26 17:54:43 UTC 2017 (Ubuntu 4.4.0-83.106-generic 4.4.70)
[    0.000000] Command line: BOOT_IMAGE=/boot/vmlinuz-4.4.0-83-generic root=LABEL=cloudimg-rootfs ro console=tty1 console=ttyS0
[    0.000000] KERNEL supported cpus:
[    0.000000]   Intel GenuineIntel
[    0.000000]   AMD AuthenticAMD
[    0.000000]   Centaur CentaurHauls
[    0.000000] x86/fpu: xstate_offset[2]:  576, xstate_sizes[2]:  256
[    0.000000] x86/fpu: Supporting XSAVE feature 0x01: 'x87 floating point registers'
[    0.000000] x86/fpu: Supporting XSAVE feature 0x02: 'SSE registers'
[    0.000000] x86/fpu: Supporting XSAVE feature 0x04: 'AVX registers'
[    0.000000] x86/fpu: Enabled xstate features 0x7, context size is 832 bytes, using 'standard' format.
[    0.000000] x86/fpu: Using 'lazy' FPU context switches.
[    0.000000] e820: BIOS-provided physical RAM map:
[    0.000000] BIOS-e820: [mem 0x0000000000000000-0x000000000009fbff] usable
[    0.000000] BIOS-e820: [mem 0x000000000009fc00-0x000000000009ffff] reserved
[    0.000000] BIOS-e820: [mem 0x00000000000f0000-0x00000000000fffff] reserved
[    0.000000] BIOS-e820: [mem 0x0000000000100000-0x000000007ffeffff] usable
[    0.000000] BIOS-e820: [mem 0x000000007fff0000-0x000000007fffffff] ACPI data
[    0.000000] BIOS-e820: [mem 0x00000000fec00000-0x00000000fec00fff] reserved
[    0.000000] BIOS-e820: [mem 0x00000000fee00000-0x00000000fee00fff] reserved
[    0.000000] BIOS-e820: [mem 0x00000000fffc0000-0x00000000ffffffff] reserved
[    0.000000] NX (Execute Disable) protection: active
[    0.000000] SMBIOS 2.5 present.
[    0.000000] Hypervisor detected: KVM
[    0.000000] e820: last_pfn = 0x7fff0 max_arch_pfn = 0x400000000
[    0.000000] MTRR: Disabled
[    0.000000] x86/PAT: MTRRs disabled, skipping PAT initialization too.
[    0.000000] x86/PAT: Configuration [0-7]: WB  WT  UC- UC  WB  WT  UC- UC  
[    0.000000] CPU MTRRs all blank - virtualized system.
[    0.000000] found SMP MP-table at [mem 0x0009fff0-0x0009ffff] mapped at [ffff88000009fff0]
[    0.000000] Scanning 1 areas for low memory corruption
[    0.000000] RAMDISK: [mem 0x36aec000-0x3756dfff]
[    0.000000] ACPI: Early table checksum verification disabled
[    0.000000] ACPI: RSDP 0x00000000000E0000 000024 (v02 VBOX  )
[    0.000000] ACPI: XSDT 0x000000007FFF0030 00003C (v01 VBOX   VBOXXSDT 00000001 ASL  00000061)
[    0.000000] ACPI: FACP 0x000000007FFF00F0 0000F4 (v04 VBOX   VBOXFACP 00000001 ASL  00000061)
[    0.000000] ACPI: DSDT 0x000000007FFF0470 0021C8 (v02 VBOX   VBOXBIOS 00000002 INTL 20100528)
[    0.000000] ACPI: FACS 0x000000007FFF0200 000040
[    0.000000] ACPI: FACS 0x000000007FFF0200 000040
[    0.000000] ACPI: APIC 0x000000007FFF0240 00005C (v02 VBOX   VBOXAPIC 00000001 ASL  00000061)
[    0.000000] ACPI: SSDT 0x000000007FFF02A0 0001CC (v01 VBOX   VBOXCPUT 00000002 INTL 20100528)
[    0.000000] No NUMA configuration found
[    0.000000] Faking a node at [mem 0x0000000000000000-0x000000007ffeffff]
[    0.000000] NODE_DATA(0) allocated [mem 0x7ffeb000-0x7ffeffff]
[    0.000000] kvm-clock: Using msrs 4b564d01 and 4b564d00
[    0.000000] kvm-clock: cpu 0, msr 0:7ffe3001, primary cpu clock
[    0.000000] kvm-clock: using sched offset of 3265557320 cycles
[    0.000000] clocksource: kvm-clock: mask: 0xffffffffffffffff max_cycles: 0x1cd42e4dffb, max_idle_ns: 881590591483 ns
[    0.000000] Zone ranges:
[    0.000000]   DMA      [mem 0x0000000000001000-0x0000000000ffffff]
[    0.000000]   DMA32    [mem 0x0000000001000000-0x000000007ffeffff]
[    0.000000]   Normal   empty
[    0.000000]   Device   empty
[    0.000000] Movable zone start for each node
[    0.000000] Early memory node ranges
[    0.000000]   node   0: [mem 0x0000000000001000-0x000000000009efff]
[    0.000000]   node   0: [mem 0x0000000000100000-0x000000007ffeffff]
[    0.000000] Initmem setup node 0 [mem 0x0000000000001000-0x000000007ffeffff]
[    0.000000] ACPI: PM-Timer IO Port: 0x4008
[    0.000000] IOAPIC[0]: apic_id 2, version 32, address 0xfec00000, GSI 0-23
[    0.000000] ACPI: INT_SRC_OVR (bus 0 bus_irq 0 global_irq 2 dfl dfl)
[    0.000000] ACPI: INT_SRC_OVR (bus 0 bus_irq 9 global_irq 9 high level)
[    0.000000] Using ACPI (MADT) for SMP configuration information
[    0.000000] smpboot: Allowing 2 CPUs, 0 hotplug CPUs
[    0.000000] PM: Registered nosave memory: [mem 0x00000000-0x00000fff]
[    0.000000] PM: Registered nosave memory: [mem 0x0009f000-0x0009ffff]
[    0.000000] PM: Registered nosave memory: [mem 0x000a0000-0x000effff]
[    0.000000] PM: Registered nosave memory: [mem 0x000f0000-0x000fffff]
[    0.000000] e820: [mem 0x80000000-0xfebfffff] available for PCI devices
[    0.000000] Booting paravirtualized kernel on KVM
[    0.000000] clocksource: refined-jiffies: mask: 0xffffffff max_cycles: 0xffffffff, max_idle_ns: 7645519600211568 ns
[    0.000000] setup_percpu: NR_CPUS:512 nr_cpumask_bits:512 nr_cpu_ids:2 nr_node_ids:1
[    0.000000] PERCPU: Embedded 33 pages/cpu @ffff88007fc00000 s98264 r8192 d28712 u1048576
[    0.000000] PV qspinlock hash table entries: 256 (order: 0, 4096 bytes)
[    0.000000] Built 1 zonelists in Node order, mobility grouping on.  Total pages: 515961
[    0.000000] Policy zone: DMA32
[    0.000000] Kernel command line: BOOT_IMAGE=/boot/vmlinuz-4.4.0-83-generic root=LABEL=cloudimg-rootfs ro console=tty1 console=ttyS0
[    0.000000] PID hash table entries: 4096 (order: 3, 32768 bytes)
[    0.000000] Memory: 2034008K/2096696K available (8469K kernel code, 1294K rwdata, 3984K rodata, 1488K init, 1316K bss, 62688K reserved, 0K cma-reserved)
[    0.000000] SLUB: HWalign=64, Order=0-3, MinObjects=0, CPUs=2, Nodes=1
[    0.000000] Hierarchical RCU implementation.
[    0.000000] 	Build-time adjustment of leaf fanout to 64.
[    0.000000] 	RCU restricting CPUs from NR_CPUS=512 to nr_cpu_ids=2.
[    0.000000] RCU: Adjusting geometry for rcu_fanout_leaf=64, nr_cpu_ids=2
[    0.000000] NR_IRQS:33024 nr_irqs:440 16
[    0.000000] Console: colour VGA+ 80x25
[    0.000000] console [tty1] enabled
[    0.000000] console [ttyS0] enabled
[    0.000000] tsc: Detected 2494.230 MHz processor
[    3.435671] Calibrating delay loop (skipped) preset value.. 4988.46 BogoMIPS (lpj=9976920)
[    3.444239] pid_max: default: 32768 minimum: 301
[    3.450988] ACPI: Core revision 20150930
[    3.456837] ACPI: 2 ACPI AML tables successfully acquired and loaded
[    3.465197] Security Framework initialized
[    3.465867] Yama: becoming mindful.
[    3.491394] AppArmor: AppArmor initialized
[    3.508559] Dentry cache hash table entries: 262144 (order: 9, 2097152 bytes)
[    3.509963] Inode-cache hash table entries: 131072 (order: 8, 1048576 bytes)
[    3.516054] Mount-cache hash table entries: 4096 (order: 3, 32768 bytes)
[    3.517430] Mountpoint-cache hash table entries: 4096 (order: 3, 32768 bytes)
[    3.520205] Initializing cgroup subsys io
[    3.522112] Initializing cgroup subsys memory
[    3.543798] Initializing cgroup subsys devices
[    3.544583] Initializing cgroup subsys freezer
[    3.547364] Initializing cgroup subsys net_cls
[    3.548093] Initializing cgroup subsys perf_event
[    3.563360] Initializing cgroup subsys net_prio
[    3.585790] Initializing cgroup subsys hugetlb
[    3.615386] Initializing cgroup subsys pids
[    3.645308] CPU: Physical Processor ID: 0
[    3.647902] CPU: Processor Core ID: 0
[    3.649597] mce: CPU supports 0 MCE banks
[    3.650616] Last level iTLB entries: 4KB 1024, 2MB 1024, 4MB 1024
[    3.651772] Last level dTLB entries: 4KB 1024, 2MB 1024, 4MB 1024, 1GB 4
[    3.733065] Freeing SMP alternatives memory: 32K (ffffffff820b9000 - ffffffff820c1000)
[    3.823555] ftrace: allocating 32129 entries in 126 pages
[    3.910076] smpboot: APIC(0) Converting physical 0 to logical package 0
[    3.947416] smpboot: Max logical packages: 1
[    3.976221] x2apic enabled
[    4.015564] Switched APIC routing to physical x2apic.
[    4.028102] ..TIMER: vector=0x30 apic1=0 pin1=2 apic2=-1 pin2=-1
[    4.138587] smpboot: CPU0: Intel(R) Core(TM) i7-4710MQ CPU @ 2.50GHz (family: 0x6, model: 0x3c, stepping: 0x3)
[    4.149324] Performance Events: unsupported p6 CPU model 60 no PMU driver, software events only.
[    4.181054] KVM setup paravirtual spinlock
[    4.192061] x86: Booting SMP configuration:
[    4.220191] .... node  #0, CPUs:      #1
[    4.234637] kvm-clock: cpu 1, msr 0:7ffe3041, secondary cpu clock
[    4.239138] mce: CPU supports 0 MCE banks
[    4.241681] x86: Booted up 1 node, 2 CPUs
[    4.242662] smpboot: Total of 2 processors activated (9976.92 BogoMIPS)
[    4.244163] devtmpfs: initialized
[    4.246679] evm: security.selinux
[    4.271453] evm: security.SMACK64
[    4.287557] evm: security.SMACK64EXEC
[    4.288224] evm: security.SMACK64TRANSMUTE
[    4.318544] evm: security.SMACK64MMAP
[    4.347478] evm: security.ima
[    4.360513] evm: security.capability
[    4.361556] clocksource: jiffies: mask: 0xffffffff max_cycles: 0xffffffff, max_idle_ns: 7645041785100000 ns
[    4.387332] futex hash table entries: 512 (order: 3, 32768 bytes)
[    4.436181] pinctrl core: initialized pinctrl subsystem
[    4.452358] RTC time:  6:39:10, date: 07/06/17
[    4.453323] NET: Registered protocol family 16
[    4.463076] cpuidle: using governor ladder
[    4.511202] cpuidle: using governor menu
[    4.527737] PCCT header not found.
[    4.539799] ACPI: bus type PCI registered
[    4.540699] acpiphp: ACPI Hot Plug PCI Controller Driver version: 0.5
[    4.542087] PCI: Using configuration type 1 for base access
[    4.564360] ACPI: Added _OSI(Module Device)
[    4.571022] ACPI: Added _OSI(Processor Device)
[    4.599894] ACPI: Added _OSI(3.0 _SCP Extensions)
[    4.623590] ACPI: Added _OSI(Processor Aggregator Device)
[    4.625020] ACPI: Executed 1 blocks of module-level executable AML code
[    4.628856] ACPI: Interpreter enabled
[    4.630702] ACPI: (supports S0 S5)
[    4.631313] ACPI: Using IOAPIC for interrupt routing
[    4.632215] PCI: Using host bridge windows from ACPI; if necessary, use "pci=nocrs" and report a bug
[    4.636500] ACPI: PCI Root Bridge [PCI0] (domain 0000 [bus 00-ff])
[    4.637401] acpi PNP0A03:00: _OSC: OS supports [ASPM ClockPM Segments MSI]
[    4.638382] acpi PNP0A03:00: _OSC failed (AE_NOT_FOUND); disabling ASPM
[    4.639349] acpi PNP0A03:00: fail to add MMCONFIG information, can't access extended PCI configuration space under this bridge.
[    4.652176] PCI host bridge to bus 0000:00
[    4.652861] pci_bus 0000:00: root bus resource [io  0x0000-0x0cf7 window]
[    4.653833] pci_bus 0000:00: root bus resource [io  0x0d00-0xffff window]
[    4.672815] pci_bus 0000:00: root bus resource [mem 0x000a0000-0x000bffff window]
[    4.678937] pci_bus 0000:00: root bus resource [mem 0x80000000-0xffdfffff window]
[    4.715969] pci_bus 0000:00: root bus resource [bus 00-ff]
[    4.766603] pci 0000:00:01.1: legacy IDE quirk: reg 0x10: [io  0x01f0-0x01f7]
[    4.807974] pci 0000:00:01.1: legacy IDE quirk: reg 0x14: [io  0x03f6]
[    4.814550] pci 0000:00:01.1: legacy IDE quirk: reg 0x18: [io  0x0170-0x0177]
[    4.875620] pci 0000:00:01.1: legacy IDE quirk: reg 0x1c: [io  0x0376]
[    4.984756] pci 0000:00:07.0: quirk: [io  0x4000-0x403f] claimed by PIIX4 ACPI
[    5.006352] pci 0000:00:07.0: quirk: [io  0x4100-0x410f] claimed by PIIX4 SMB
[    5.059507] ACPI: PCI Interrupt Link [LNKA] (IRQs 5 9 10 *11)
[    5.134593] ACPI: PCI Interrupt Link [LNKB] (IRQs 5 9 10 *11)
[    5.151339] ACPI: PCI Interrupt Link [LNKC] (IRQs 5 9 *10 11)
[    5.152564] ACPI: PCI Interrupt Link [LNKD] (IRQs 5 *9 10 11)
[    5.153871] ACPI: Enabled 2 GPEs in block 00 to 07
[    5.157649] vgaarb: setting as boot device: PCI:0000:00:02.0
[    5.170882] vgaarb: device added: PCI:0000:00:02.0,decodes=io+mem,owns=io+mem,locks=none
[    5.172330] vgaarb: loaded
[    5.172894] vgaarb: bridge control possible 0000:00:02.0
[    5.175404] SCSI subsystem initialized
[    5.176234] ACPI: bus type USB registered
[    5.210593] usbcore: registered new interface driver usbfs
[    5.240062] usbcore: registered new interface driver hub
[    5.241252] usbcore: registered new device driver usb
[    5.242741] PCI: Using ACPI for IRQ routing
[    5.251755] NetLabel: Initializing
[    5.294235] NetLabel:  domain hash size = 128
[    5.337204] NetLabel:  protocols = UNLABELED CIPSOv4
[    5.344090] NetLabel:  unlabeled traffic allowed by default
[    5.345773] amd_nb: Cannot enumerate AMD northbridges
[    5.402603] clocksource: Switched to clocksource kvm-clock
[    5.475648] AppArmor: AppArmor Filesystem Enabled
[    5.586657] pnp: PnP ACPI init
[    5.665701] pnp: PnP ACPI: found 3 devices
[    5.782277] clocksource: acpi_pm: mask: 0xffffff max_cycles: 0xffffff, max_idle_ns: 2085701024 ns
[    5.959938] NET: Registered protocol family 2
[    5.976966] TCP established hash table entries: 16384 (order: 5, 131072 bytes)
[    5.994792] TCP bind hash table entries: 16384 (order: 6, 262144 bytes)
[    6.009289] TCP: Hash tables configured (established 16384 bind 16384)
[    6.017121] UDP hash table entries: 1024 (order: 3, 32768 bytes)
[    6.018335] UDP-Lite hash table entries: 1024 (order: 3, 32768 bytes)
[    6.019658] NET: Registered protocol family 1
[    6.023793] pci 0000:00:00.0: Limiting direct PCI/PCI transfers
[    6.025131] pci 0000:00:01.0: Activating ISA DMA hang workarounds
[    6.038271] Unpacking initramfs...
[    7.710488] Freeing initrd memory: 10760K (ffff880036aec000 - ffff88003756e000)
[    7.744027] RAPL PMU detected, API unit is 2^-32 Joules, 4 fixed counters 10737418240 ms ovfl timer
[    7.770375] hw unit of domain pp0-core 2^-0 Joules
[    7.802954] hw unit of domain package 2^-0 Joules
[    7.847331] hw unit of domain dram 2^-0 Joules
[    7.892320] hw unit of domain pp1-gpu 2^-0 Joules
[    7.893124] platform rtc_cmos: registered platform RTC device (no PNP device found)
[    7.894380] Scanning for low memory corruption every 60 seconds
[    7.895689] audit: initializing netlink subsys (disabled)
[    7.927071] audit: type=2000 audit(1499323153.914:1): initialized
[    7.928239] Initialise system trusted keyring
[    7.931661] HugeTLB registered 2 MB page size, pre-allocated 0 pages
[    7.933740] zbud: loaded
[    7.934424] VFS: Disk quotas dquot_6.6.0
[    7.935124] VFS: Dquot-cache hash table entries: 512 (order 0, 4096 bytes)
[    7.936315] squashfs: version 4.0 (2009/01/31) Phillip Lougher
[    7.941140] fuse init (API version 7.23)
[    7.971542] Key type big_key registered
[    7.972190] Allocating IMA MOK and blacklist keyrings.
[    7.978452] Key type asymmetric registered
[    8.014830] Asymmetric key parser 'x509' registered
[    8.048519] Block layer SCSI generic (bsg) driver version 0.4 loaded (major 249)
[    8.095706] io scheduler noop registered
[    8.119486] io scheduler deadline registered (default)
[    8.121450] io scheduler cfq registered
[    8.122184] pci_hotplug: PCI Hot Plug PCI Core version: 0.5
[    8.124522] pciehp: PCI Express Hot Plug Controller Driver version: 0.4
[    8.125578] ACPI: AC Adapter [AC] (on-line)
[    8.126293] input: Power Button as /devices/LNXSYSTM:00/LNXPWRBN:00/input/input0
[    8.127546] ACPI: Power Button [PWRF]
[    8.128249] input: Sleep Button as /devices/LNXSYSTM:00/LNXSLPBN:00/input/input1
[    8.136254] ACPI: Sleep Button [SLPF]
[    8.137246] GHES: HEST is not enabled!
[    8.137780] ACPI: Battery Slot [BAT0] (battery present)
[    8.154977] Serial: 8250/16550 driver, 32 ports, IRQ sharing enabled
[    8.193669] 00:02: ttyS0 at I/O 0x3f8 (irq = 4, base_baud = 115200) is a 16550A
[    8.207453] Linux agpgart interface v0.103
[    8.305695] loop: module loaded
[    8.319463] scsi host0: ata_piix
[    8.320152] scsi host1: ata_piix
[    8.320748] ata1: PATA max UDMA/33 cmd 0x1f0 ctl 0x3f6 bmdma 0xd000 irq 14
[    8.321713] ata2: PATA max UDMA/33 cmd 0x170 ctl 0x376 bmdma 0xd008 irq 15
[    8.337065] libphy: Fixed MDIO Bus: probed
[    8.340690] tun: Universal TUN/TAP device driver, 1.6
[    8.430615] tun: (C) 1999-2004 Max Krasnyansky <maxk@qualcomm.com>
[    8.436092] PPP generic driver version 2.4.2
[    8.436910] ehci_hcd: USB 2.0 'Enhanced' Host Controller (EHCI) Driver
[    8.439950] ehci-pci: EHCI PCI platform driver
[    8.440670] ehci-platform: EHCI generic platform driver
[    8.442993] ohci_hcd: USB 1.1 'Open' Host Controller (OHCI) Driver
[    8.448552] ohci-pci: OHCI PCI platform driver
[    8.449274] ohci-platform: OHCI generic platform driver
[    8.450071] uhci_hcd: USB Universal Host Controller Interface driver
[    8.455624] i8042: PNP: PS/2 Controller [PNP0303:PS2K,PNP0f03:PS2M] at 0x60,0x64 irq 1,12
[    8.457293] serio: i8042 KBD port at 0x60,0x64 irq 1
[    8.458053] serio: i8042 AUX port at 0x60,0x64 irq 12
[    8.459006] mousedev: PS/2 mouse device common for all mice
[    8.460153] input: AT Translated Set 2 keyboard as /devices/platform/i8042/serio0/input/input2
[    8.461857] rtc_cmos rtc_cmos: rtc core: registered rtc_cmos as rtc0
[    8.462826] rtc_cmos rtc_cmos: alarms up to one day, 114 bytes nvram
[    8.473897] i2c /dev entries driver
[    8.474559] device-mapper: uevent: version 1.0.3
[    8.475414] device-mapper: ioctl: 4.34.0-ioctl (2015-10-28) initialised: dm-devel@redhat.com
[    8.476737] ledtrig-cpu: registered to indicate activity on CPUs
[    8.478008] NET: Registered protocol family 10
[    8.500629] NET: Registered protocol family 17
[    8.501343] Key type dns_resolver registered
[    8.502212] microcode: CPU0 sig=0x306c3, pf=0x40, revision=0x0
[    8.516384] microcode: CPU1 sig=0x306c3, pf=0x40, revision=0x0
[    8.519944] microcode: Microcode Update Driver: v2.01 <tigran@aivazian.fsnet.co.uk>, Peter Oruba
[    8.535957] registered taskstats version 1
[    8.554002] Loading compiled-in X.509 certificates
[    8.580996] Loaded X.509 cert 'Build time autogenerated kernel key: 35105354eb779045e4d9ad793dead39d5ee93f76'
[    8.633753] zswap: loaded using pool lzo/zbud
[    8.636651] Key type trusted registered
[    8.658088] Key type encrypted registered
[    8.682552] AppArmor: AppArmor sha1 policy hashing enabled
[    8.683426] ima: No TPM chip found, activating TPM-bypass!
[    8.684275] evm: HMAC attrs: 0x1
[    8.685153]   Magic number: 9:223:670
[    8.687816] rtc_cmos rtc_cmos: setting system clock to 2017-07-06 06:39:14 UTC (1499323154)
[    8.713165] BIOS EDD facility v0.16 2004-Jun-25, 0 devices found
[    8.717437] EDD information not available.
[    8.720658] Freeing unused kernel memory: 1488K (ffffffff81f45000 - ffffffff820b9000)
[    8.724604] Write protecting the kernel read-only data: 14336k
[    8.725962] Freeing unused kernel memory: 1760K (ffff880001848000 - ffff880001a00000)
[    8.727528] Freeing unused kernel memory: 112K (ffff880001de4000 - ffff880001e00000)
Loading, please wait...
starting version[    8.738759] random: systemd-udevd: uninitialized urandom read (16 bytes read, 2 bits of entropy available)
 229
[    8.739279] random: udevadm: uninitialized urandom read (16 bytes read, 2 bits of entropy available)
[    8.739311] random: udevadm: uninitialized urandom read (16 bytes read, 2 bits of entropy available)
[    8.739408] random: udevadm: uninitialized urandom read (16 bytes read, 2 bits of entropy available)
[    8.739441] random: udevadm: uninitialized urandom read (16 bytes read, 2 bits of entropy available)
[    8.739473] random: udevadm: uninitialized urandom read (16 bytes read, 2 bits of entropy available)
[    8.739504] random: udevadm: uninitialized urandom read (16 bytes read, 2 bits of entropy available)
[    8.739535] random: udevadm: uninitialized urandom read (16 bytes read, 2 bits of entropy available)
[    8.739563] random: udevadm: uninitialized urandom read (16 bytes read, 2 bits of entropy available)
[    8.739616] random: udevadm: uninitialized urandom read (16 bytes read, 2 bits of entropy available)
[    9.002463] tsc: Refined TSC clocksource calibration: 2495.546 MHz
[    9.025265] clocksource: tsc: mask: 0xffffffffffffffff max_cycles: 0x23f8ca1703a, max_idle_ns: 440795207435 ns
[    9.088263] e1000: Intel(R) PRO/1000 Network Driver - version 7.3.21-k8-NAPI
[    9.102705] e1000: Copyright (c) 1999-2006 Intel Corporation.
[    9.108833] Fusion MPT base driver 3.04.20
[    9.112294] Copyright (c) 1999-2008 LSI Corporation
[    9.120395] Fusion MPT SPI Host driver 3.04.20
[    9.132543] AVX version of gcm_enc/dec engaged.
[    9.147053] AES CTR mode by8 optimization enabled
[    9.321219] input: ImExPS/2 Generic Explorer Mouse as /devices/platform/i8042/serio1/input/input4
[    9.458092] e1000 0000:00:03.0 eth0: (PCI:33MHz:32-bit) 02:4a:f7:c6:7f:3a
[    9.474852] e1000 0000:00:03.0 eth0: Intel(R) PRO/1000 Network Connection
[    9.477447] mptbase: ioc0: Initiating bringup
[    9.538915] ioc0: LSI53C1030 A0: Capabilities={Initiator}
[    9.704131] scsi host2: ioc0: LSI53C1030 A0, FwRev=00000000h, Ports=1, MaxQ=256, IRQ=20
[    9.819063] scsi 2:0:0:0: Direct-Access     VBOX     HARDDISK         1.0  PQ: 0 ANSI: 5
[    9.846329] scsi target2:0:0: Beginning Domain Validation
[    9.857632] scsi target2:0:0: Domain Validation skipping write tests
[    9.894737] scsi target2:0:0: Ending Domain Validation
[    9.912765] scsi target2:0:0: asynchronous
[    9.935076] scsi 2:0:1:0: Direct-Access     VBOX     HARDDISK         1.0  PQ: 0 ANSI: 5
[    9.941842] scsi target2:0:1: Beginning Domain Validation
[    9.948884] scsi target2:0:1: Domain Validation skipping write tests
[    9.953098] scsi target2:0:1: Ending Domain Validation
[    9.953991] scsi target2:0:1: asynchronous
[    9.963392] sd 2:0:0:0: Attached scsi generic sg0 type 0
[    9.975410] sd 2:0:1:0: Attached scsi generic sg1 type 0
[    9.978510] sd 2:0:1:0: [sdb] 20480 512-byte logical blocks: (10.5 MB/10.0 MiB)
[    9.980986] sd 2:0:0:0: [sda] 20971520 512-byte logical blocks: (10.7 GB/10.0 GiB)
[    9.991338] sd 2:0:0:0: [sda] Write Protect is off
[    9.992290] sd 2:0:1:0: [sdb] Write Protect is off
[    9.993247] sd 2:0:0:0: [sda] Incomplete mode parameter data
[    9.994242] sd 2:0:0:0: [sda] Assuming drive cache: write through
[    9.995691] sd 2:0:1:0: [sdb] Incomplete mode parameter data
[    9.996777] sd 2:0:1:0: [sdb] Assuming drive cache: write through
[   10.025136]  sda: sda1
[   10.046799] sd 2:0:0:0: [sda] Attached SCSI disk
[   10.064751] sd 2:0:1:0: [sdb] Attached SCSI disk
[   10.170367] e1000 0000:00:08.0 eth1: (PCI:33MHz:32-bit) 08:00:27:88:c4:da
[   10.201536] e1000 0000:00:08.0 eth1: Intel(R) PRO/1000 Network Connection
[   10.207182] e1000 0000:00:03.0 enp0s3: renamed from eth0
[   10.262932] e1000 0000:00:08.0 enp0s8: renamed from eth1
[   12.127098] floppy0: no floppy controllers found
Begin: Loading e[   13.480420] md: linear personality registered for level -1
ssential drivers ... [   13.495349] md: multipath personality registered for level -4
[   13.498905] md: raid0 personality registered for level 0
[   13.513923] md: raid1 personality registered for level 1
[   13.610711] raid6: sse2x1   gen()  9792 MB/s
[   13.722714] raid6: sse2x1   xor()  7906 MB/s
[   13.802734] raid6: sse2x2   gen() 12975 MB/s
[   13.910752] raid6: sse2x2   xor()  7780 MB/s
[   13.982746] raid6: sse2x4   gen() 15005 MB/s
[   14.058771] raid6: sse2x4   xor()  9752 MB/s
[   14.071326] raid6: using algorithm sse2x4 gen() 15005 MB/s
[   14.072140] raid6: .... xor() 9752 MB/s, rmw enabled
[   14.072899] raid6: using ssse3x2 recovery algorithm
[   14.074966] xor: automatically using best checksumming function:
[   14.114769]    avx       : 20205.000 MB/sec
[   14.122737] async_tx: api initialized (async)
[   14.136207] md: raid6 personality registered for level 6
[   14.149028] md: raid5 personality registered for level 5
[   14.149839] md: raid4 personality registered for level 4
[   14.155731] md: raid10 personality registered for level 10
done.
Begin: Running /scripts/init-premount ... done.
Begin: Mounting root file syste[   14.200198] Btrfs loaded
m ... Begin: Running /scripts/local-top ... done.
Begin: Running /scripts/local-premount ... Scanning for Btrfs filesystems
done.
Warning: fsck no[   14.230130] EXT4-fs (sda1): mounted filesystem with ordered data mode. Opts: (null)
t present, so skipping root file system
done.
Begin: Running /scripts/local-bottom ... done.
Begin: Running /scripts/init-bottom ... done.
[   14.321443] systemd[1]: systemd 229 running in system mode. (+PAM +AUDIT +SELINUX +IMA +APPARMOR +SMACK +SYSVINIT +UTMP +LIBCRYPTSETUP +GCRYPT +GNUTLS +ACL +XZ -LZ4 +SECCOMP +BLKID +ELFUTILS +KMOD -IDN)
[   14.330353] systemd[1]: Detected virtualization oracle.
[   14.333748] systemd[1]: Detected architecture x86-64.

Welcome to [1mUbuntu 16.04.2 LTS[0m!

[   14.359216] systemd[1]: Set hostname to <ubuntu>.
[   14.363528] systemd[1]: Initializing machine ID from random generator.
[   14.366201] systemd[1]: Installed transient /etc/machine-id file.
[   14.477980] systemd[1]: Listening on Device-mapper event daemon FIFOs.
[[0;32m  OK  [0m] Listening on Device-mapper event daemon FIFOs.
[   14.506080] systemd[1]: Listening on Journal Socket.
[[0;32m  OK  [0m] Listening on Journal Socket.
[   14.517570] systemd[1]: Listening on Journal Audit Socket.
[[0;32m  OK  [0m] Listening on Journal Audit Socket.
[   14.531040] systemd[1]: Listening on udev Control Socket.
[[0;32m  OK  [0m] Listening on udev Control Socket.
[   14.542186] systemd[1]: Set up automount Arbitrary Executable File Formats File System Automount Point.
[[0;32m  OK  [0m] Set up automount Arbitrary Executab...ats File System Automount Point.
[   14.559186] systemd[1]: Started Trigger resolvconf update for networkd DNS.
[[0;32m  OK  [0m] Started Trigger resolvconf update for networkd DNS.
[   14.579029] systemd[1]: Listening on LVM2 poll daemon socket.
[[0;32m  OK  [0m] Listening on LVM2 poll daemon socket.
[   14.619549] systemd[1]: Listening on /dev/initctl Compatibility Named Pipe.
[[0;32m  OK  [0m] Listening on /dev/initctl Compatibility Named Pipe.
[   14.650686] systemd[1]: Reached target Swap.
[[0;32m  OK  [0m] Reached target Swap.
[   14.661866] systemd[1]: Started Forward Password Requests to Wall Directory Watch.
[[0;32m  OK  [0m] Started Forward Password Requests to Wall Directory Watch.
[   14.677703] systemd[1]: Reached target Encrypted Volumes.
[[0;32m  OK  [0m] Reached target Encrypted Volumes.
[   14.683607] systemd[1]: Listening on Syslog Socket.
[[0;32m  OK  [0m] Listening on Syslog Socket.
[   14.706070] systemd[1]: Listening on Journal Socket (/dev/log).
[[0;32m  OK  [0m] Listening on Journal Socket (/dev/log).
[   14.722140] systemd[1]: Reached target User and Group Name Lookups.
[[0;32m  OK  [0m] Reached target User and Group Name Lookups.
[   14.728557] systemd[1]: Listening on udev Kernel Socket.
[[0;32m  OK  [0m] Listening on udev Kernel Socket.
[   14.733388] systemd[1]: Created slice User and Session Slice.
[[0;32m  OK  [0m] Created slice User and Session Slice.
[   14.751226] systemd[1]: Created slice System Slice.
[[0;32m  OK  [0m] Created slice System Slice.
[   14.794958] systemd[1]: Mounting Debug File System...
         Mounting Debug File System...
[   14.850958] systemd[1]: Starting Nameserver information manager...
         Starting Nameserver information manager...
[   14.899011] systemd[1]: Starting Create list of required static device nodes for the current kernel...
         Starting Create list of required st... nodes for the current kernel...
[   14.970948] systemd[1]: Mounting Huge Pages File System...
         Mounting Huge Pages File System...
[   14.993643] systemd[1]: Starting Load Kernel Modules...
         Startin[   15.000386] Loading iSCSI transport class v2.0-870.
g Load Kernel Modules...
[   15.010903] iscsi: registered transport (tcp)
[   15.029478] systemd[1]: Starting Journal Service...
         Starting Journal Service...
[   15.040668] systemd[1]: Starting Set console keymap...
         Starting Set console keymap...
[   15.072568] iscsi: registered transport (iser)
[   15.079093] systemd[1]: Created slice system-serial\x2dgetty.slice.
[[0;32m  OK  [0m] Created slice system-serial\x2dgetty.slice.
[   15.111016] systemd[1]: Starting Remount Root and Kernel File Systems...
         Starting Remount[   15.125865] EXT4-fs (sda1): re-mounted. Opts: (null)
 Root and Kernel File Systems...
[   15.134419] systemd[1]: Starting Uncomplicated firewall...
         Starting Uncomplicated firewall...
[   15.142462] systemd[1]: Mounting POSIX Message Queue File System...
         Mounting POSIX Message Queue File System...
[   15.177982] systemd[1]: Listening on LVM2 metadata daemon socket.
[[0;32m  OK  [0m] Listening on LVM2 metadata daemon socket.
[   15.190440] systemd[1]: Starting Monitoring of LVM2 mirrors, snapshots etc. using dmeventd or progress polling...
         Starting Monitoring of LVM2 mirrors... dmeventd or progress polling...
[   15.230324] systemd[1]: Reached target Slices.
[[0;32m  OK  [0m] Reached target Slices.
[   15.233570] systemd[1]: Mounted Debug File System.
[[0;32m  OK  [0m] Mounted Debug File System.
[   15.236260] systemd[1]: Mounted POSIX Message Queue File System.
[[0;32m  OK  [0m] Mounted POSIX Message Queue File System.
[   15.241711] systemd[1]: Mounted Huge Pages File System.
[[0;32m  OK  [0m] Mounted Huge Pages File System.
[   15.244453] systemd[1]: Started Journal Service.
[[0;32m  OK  [0m] Started Journal Service.
[[0;32m  OK  [0m] Started Create list of required sta...ce nodes for the current kernel.
[[0;32m  OK  [0m] Started Load Kernel Modules.
[[0;32m  OK  [0m] Started Set console keymap.
[[0;32m  OK  [0m] Started Remount Root and Kernel File Systems.
[[0;32m  OK  [0m] Started Uncomplicated firewall.
[[0;32m  OK  [0m] Started Nameserver information manager.
[[0;32m  OK  [0m] Started LVM2 metadata daemon.
         Starting Initial cloud-init job (pre-networking)...
         Starting Load/Save Random Seed...
[   15.400847] random: nonblocking pool is initialized
         Starting udev Coldplug all Devices...
         Mounting FUSE Control File System...
         Starting Apply Kernel Variables...
         Starting Create Static Device Nodes in /dev...
         Starting Flush Journal to Persistent Storage...
[[0;32m  OK  [0m] Mounted FUSE Control File System.
[[0;32m  OK  [0m] Started Load/Save Random Seed.
[[0;32m  OK  [0m] Started Apply Kernel Variables.
[[0;32m  OK  [0m] Started Create Static Device Nodes in /dev.
[[0;32m  OK  [0m] Started udev Coldplug all Devices.
[[0;32m  OK  [0m] Started Flush Journal to Persistent Storage.
         Starting udev Kernel Device Manager...
[[0;32m  OK  [0m] Started udev Kernel Device Manager.
[[0;32m  OK  [0m] Started Dispatch Password Requests to Console Directory Watch.
[[0;32m  OK  [0m] Found device /dev/ttyS0.
[[0;32m  OK  [0m] Started Monitoring of LVM2 mirrors,...ng dmeventd or progress polling.
[[0;32m  OK  [0m] Reached target Local File Systems (Pre).
[[0;32m  OK  [0m] Reached target Local File Systems.
         Starting LSB: AppArmor initialization...
         Starting Tell Plymouth To Write Out Runtime Data...
         Starting Commit a transient machine-id on disk...
         Starting Set console font and keymap...
         Starting Create Volatile Files and Directories...
[[0;32m  OK  [0m] Started Tell Plymouth To Write Out Runtime Data.
[[0;32m  OK  [0m] Started Create Volatile Files and Directories.
[[0;32m  OK  [0m] Started Commit a transient machine-id on disk.
[[0;32m  OK  [0m] Reached target System Time Synchronized.
         Starting Update UTMP about System Boot/Shutdown...
[   11.549488] cloud-init[439]: Cloud-init v. 0.7.9 running 'init-local' at Thu, 06 Jul 2017 06:39:21 +0000. Up 11.14 seconds.
[[0;32m  OK  [0m] Started Update UTMP about System Boot/Shutdown.
[[0;32m  OK  [0m] Started LSB: AppArmor initialization.
[[0;32m  OK  [0m] Started Initial cloud-init job (pre-networking).
[[0;32m  OK  [0m] Reached target Network (Pre).
         Starting Raise network interfaces...
[[0;32m  OK  [0m] Listening on Load/Save RF Kill Switch Status /dev/rfkill Watch.
[[0;32m  OK  [0m] Started Set console font and keymap.
[[0;32m  OK  [0m] Created slice system-getty.slice.
[[0;32m  OK  [0m] Started Raise network interfaces.
         Starting Initial cloud-init job (metadata service crawler)...
[[0;32m  OK  [0m] Reached target Network.
[   15.000555] cloud-init[940]: Cloud-init v. 0.7.9 running 'init' at Thu, 06 Jul 2017 06:39:25 +0000. Up 14.32 seconds.
[   15.024742] cloud-init[940]: ci-info: ++++++++++++++++++++++++++++++++++++++Net device info++++++++++++++++++++++++++++++++++++++
[   15.041115] cloud-init[940]: ci-info: +--------+-------+----------------------------+---------------+-------+-------------------+
[   15.042900] cloud-init[940]: ci-info: | Device |   Up  |          Address           |      Mask     | Scope |     Hw-Address    |
[   15.068567] cloud-init[940]: ci-info: +--------+-------+----------------------------+---------------+-------+-------------------+
[   15.068745] cloud-init[940]: ci-info: |   lo   |  True |         127.0.0.1          |   255.0.0.0   |   .   |         .         |
[[0;32m  OK  [0m] Started Initial cloud-init job (metadata service crawler).
[   15.068839] cloud-init[940]: ci-info: |   lo   |  True |          ::1/128           |       .       |  host |         .         |
[   15.157713] cloud-init[940]: ci-info: | enp0s8 | False |             .              |       .       |   .   | 08:00:27:88:c4:da |
[   15.158032] cloud-init[940]: ci-info: | enp0s3 |  True |         10.0.2.15          | 255.255.255.0 |   .   | 02:4a:f7:c6:7f:3a |
[[0;32m  OK  [0m] Reached target Cloud-config availability.
[   15.158173] cloud-init[940]: ci-info: | enp0s3 |  True | fe80::4a:f7ff:fec6:7f3a/64 |       .       |  link | 02:4a:f7:c6:7f:3a |
[   15.172513] cloud-init[940]: ci-info: +--------+-------+----------------------------+---------------+-------+-------------------+
[[0;32m  OK  [0m] Reached target System Initialization.
         Starting Socket activation for snappy daemon.
[   15.172638] cloud-init[940]: ci-info: +++++++++++++++++++++++++++Route IPv4 info++++++++++++++++++++++++++++
[   15.284762] cloud-init[940]: ci-info: +-------+-------------+----------+---------------+-----------+-------+
[   15.285027] cloud-init[940]: ci-info: | Route | Destination | Gateway  |    Genmask    | Interface | Flags |
[[0;32m  OK  [0m] Started Daily apt activities.
[   15.285154] cloud-init[940]: ci-info: +-------+-------------+----------+---------------+-----------+-------+
[   15.293176] cloud-init[940]: ci-info: |   0   |   0.0.0.0   | 10.0.2.2 |    0.0.0.0    |   enp0s3  |   UG  |
[[0;32m  OK  [0m] Listening on D-Bus System Message Bus Socket.
[   15.293267] cloud-init[940]: ci-info: |   1   |   10.0.2.0  | 0.0.0.0  | 255.255.255.0 |   enp0s3  |   U   |
[   15.396265] cloud-init[940]: ci-info: +-------+-------------+----------+---------------+-----------+-------+
[   15.396549] cloud-init[940]: Generating public/private rsa key pair.
         Starting LXD - unix socket.
[   15.396642] cloud-init[940]: Your identification has been saved in /etc/ssh/ssh_host_rsa_key.
[   15.428885] cloud-init[940]: Your public key has been saved in /etc/ssh/ssh_host_rsa_key.pub.
[[0;32m  OK  [0m] Started Timer to automatically refresh installed snaps.
[   15.429051] cloud-init[940]: The key fingerprint is:
[   15.444896] cloud-init[940]: SHA256:mBP47CgeQHFepbtSyHzgKUox+A0EK5fnP02DR4gCZm0 root@ubuntu-xenial
[[0;32m  OK  [0m] Listening on ACPID Listen Socket.
[   15.445040] cloud-init[940]: The key's randomart image is:
[   15.480200] cloud-init[940]: +---[RSA 2048]----+
[   15.480522] cloud-init[940]: |o=o. ...         |
[[0;32m  OK  [0m] Started ACPI Events Check.
[   15.480668] cloud-init[940]: |+++E.o..         |
[   15.496547] cloud-init[940]: |++*o+.o .        |
[[0;32m  OK  [0m] Reached target Paths.
[   15.496665] cloud-init[940]: |oo**+o.*         |
[   15.523708] cloud-init[940]: |.o.*o+B S        |
[[0;32m  OK  [0m] Started Daily Cleanup of Temporary Directories.
[   15.523801] cloud-init[940]: |o.. o+.= .       |
[   15.538799] cloud-init[940]: |. o...+ .        |
[   15.538916] cloud-init[940]: | . o.  .         |
[[0;32m  OK  [0m] Reached target Timers.
[   15.539059] cloud-init[940]: |  .              |
[   15.603151] cloud-init[940]: +----[SHA256]-----+
[[0;32m  OK  [0m] Listening on UUID daemon activation socket.
[   15.603290] cloud-init[940]: Generating public/private dsa key pair.
[   15.610279] cloud-init[940]: Your identification has been saved in /etc/ssh/ssh_host_dsa_key.
[   15.610377] cloud-init[940]: Your public key has been saved in /etc/ssh/ssh_host_dsa_key.pub.
[[0;32m  OK  [0m] Reached target Network is Online.
[   15.610508] cloud-init[940]: The key fingerprint is:
[   15.641351] cloud-init[940]: SHA256:WQ73vPcnipTMdfNBluwLl6ZYovsZsgd/XHruGjDLMzs root@ubuntu-xenial
[   15.641679] cloud-init[940]: The key's randomart image is:
[   15.642235] cloud-init[940]: +---[DSA 1024]----+
[   15.642277] cloud-init[940]: |                 |
         Starting iSCSI initiator daemon (iscsid)...
[   15.642306] cloud-init[940]: |              . .|
[   15.679801] cloud-init[940]: |        . o    = |
[   15.680153] cloud-init[940]: |         * o  + .|
[[0;32m  OK  [0m] Listening on Socket activation for snappy daemon.
[   15.680287] cloud-init[940]: |        S .++oo* |
[   15.688898] cloud-init[940]: |         +ooBo=+o|
[[0;32m  OK  [0m] Listening on LXD - unix socket.
[   15.689032] cloud-init[940]: |         oBBoo+..|
[   15.720227] cloud-init[940]: |         .+E*=oo.|
[   15.720524] cloud-init[940]: |         o+++o=+o|
[[0;32m  OK  [0m] Reached target Sockets.
[   15.720649] cloud-init[940]: +----[SHA256]-----+
[   15.745667] cloud-init[940]: Generating public/private ecdsa key pair.
[[0;32m  OK  [0m] Reached target Basic System.
[   15.745765] cloud-init[940]: Your identification has been saved in /etc/ssh/ssh_host_ecdsa_key.
[   15.774842] cloud-init[940]: Your public key has been saved in /etc/ssh/ssh_host_ecdsa_key.pub.
[   15.808824] cloud-init[940]: The key fingerprint is:
[   15.809147] cloud-init[940]: SHA256:w3NGdVblf35Tud4F8jROENQoxMyOz2dS7jjKksKPaw0 root@ubuntu-xenial
         Starting Login Service...
[   15.809294] cloud-init[940]: The key's randomart image is:
[   15.817567] cloud-init[940]: +---[ECDSA 256]---+
[   15.829711] cloud-init[940]: |         =..+oo.+|
[   15.849732] cloud-init[940]: |          =..+.. |
[   15.849958] cloud-init[940]: |         o...   .|
         Starting LSB: Record successful boot for GRUB...
[   15.850069] cloud-init[940]: |       .... ..  o|
[   15.868835] cloud-init[940]: |        Sooo. =.+|
[   15.896400] cloud-init[940]: |    E    =+ +* ++|
[   15.896780] cloud-init[940]: |   . o .   *  oo+|
[[0;32m  OK  [0m] Started Snappy daemon.[   15.896946] 
cloud-init[940]: |    +.+.  o . . =|
[   15.897008] cloud-init[940]: |   .o+..o. .   ..|
[   15.924642] cloud-init[940]: +----[SHA256]-----+
         [   15.936517] Starting System Logging Service...cloud-init
[940]: Generating public/private ed25519 key pair.
[[   15.949497] cloud-init[940]: Your identification has been saved in /etc/ssh/ssh_host_ed25519_key.
[   15.949900] cloud-init[940]: Your public key has been saved in /etc/ssh/ssh_host_ed25519_key.pub.
[0;32m  OK  [0m] Started Unattended Upgrades Shutdown.
[   15.950012] cloud-init[940]: The key fingerprint is:
[   15.996237] cloud-init[940]: SHA256:Gnq1dwYpg/YiFAUn7xGYDirWVHq7jVafOUeoH21O/Hk root@ubuntu-xenial
[   15.996458] cloud-init[940]: The key's randomart image is:
         Starting Apply the settings specified in cloud-config...
[   15.996590] cloud-init[940]: +--[ED25519 256]--+
         Starting Auto import assertions from block devices...
[   16.046750] cloud-init[940]: |    +=+          |
[[0;32m  OK  [0m] Started Regular background program processing daemon.
         Starting /etc/rc.local Compatibility...
[   16.093355] cloud-init[940]: |  ..+= .         |
[[0;32m  OK  [0m] Started ACPI event daemon.
         Starting LXD - container startup/shutdown...
[   16.138981] cloud-init[940]: | .o+..o          |
[   16.172534] cloud-init[940]: |o. .oo.o  ..     |
[   16.172740] cloud-init[940]: |o   ..=.S.o.     |
[[0;32m  OK  [0m] Started FUSE filesystem for LXC.
[   16.172845] cloud-init[940]: |   . o==o+*.     |
[   16.204671] cloud-init[940]: |    o++oo*.*o    |
[   16.212649] cloud-init[940]: |    .o ...Bo. .E |
[[0;32m  OK  [0m] Started Deferred execution scheduler.
[   16.213191] cloud-init[940]: |         . . o.  |
[   16.248551] cloud-init[940]: +----[SHA256]-----+
[[0;32m  OK  [0m] Started D-Bus System Message Bus.
         Starting Accounts Service...
         Starting Pollinate to seed the pseudo random number generator...
         Starting LSB: MD monitoring daemon...
[   16.358214] cloud-init[1059]: Generating locales (this might take a while)...
[[0;32m  OK  [0m] Started System Logging Service.
[[0;32m  OK  [0m] Started iSCSI initiator daemon (iscsid).
[[0;32m  OK  [0m] Started Auto import assertions from block devices.
[[0;32m  OK  [0m] Started /etc/rc.local Compatibility.
[[0;32m  OK  [0m] Started LXD - container startup/shutdown.
[[0;32m  OK  [0m] Started LSB: Record successful boot for GRUB.
[[0;32m  OK  [0m] Started Login Service.
[[0;32m  OK  [0m] Started LSB: MD monitoring daemon.
         Starting Authenticate and Authorize Users to Run Privileged Tasks...
         Starting Login to default iSCSI targets...
[[0;32m  OK  [0m] Started Authenticate and Authorize Users to Run Privileged Tasks.
[[0;32m  OK  [0m] Started Accounts Service.
[[0;32m  OK  [0m] Started Login to default iSCSI targets.
[[0;32m  OK  [0m] Reached target Remote File Systems (Pre).
[[0;32m  OK  [0m] Reached target Remote File Systems.
         Starting LSB: VirtualBox Linux Additions...
         Starting LSB: daemon to balance interrupts for SMP systems...
         Starting Permit User Sessions...
         Starting LSB: Set the CPU Frequency Scaling governor to "ondemand"...
         Starting LSB: automatic crash report generation...
[[0;32m  OK  [0m] Started Pollinate to seed the pseudo random number generator.
[[0;32m  OK  [0m] Started Permit User Sessions.
[[0;32m  OK  [0m] Started LSB: Set the CPU Frequency Scaling governor to "ondemand".
         Starting Hold until boot process finishes up...
         Starting Terminate Plymouth Boot Screen...
         Starting OpenBSD Secure Shell server...
[[0;32m  OK  [0m] Started OpenBSD Secure Shell server.
[[0;32m  OK  [0m] Started LSB: VirtualBox Linux Additions.
[[0;32m  OK  [0m] Started LSB: daemon to balance interrupts for SMP systems.
[[0;32m  OK  [0m] Started LSB: automatic crash report generation.
[[0;32m  OK  [0m] Started Hold until boot process finishes up.
[[0;32m  OK  [0m] Started Terminate Plymouth Boot Screen.
[[0;32m  OK  [0m] Started Serial Getty on ttyS0.
         Starting Set console scheme...
[[0;32m  OK  [0m] Started Getty on tty1.
[[0;32m  OK  [0m] Reached target Login Prompts.
[[0;32m  OK  [0m] Reached target Multi-User System.
[[0;32m  OK  [0m] Reached target Graphical Interface.
         Starting Update UTMP about System Runlevel Changes...
[   17.230873] cloud-init[1059]:   en_US.UTF-8... done
[   17.252903] cloud-init[1059]: Generation complete.
[[0;32m  OK  [0m] Started Set console scheme.
[[0;32m  OK  [0m] Started Update UTMP about System Runlevel Changes.
         Stopping OpenBSD Secure Shell server...
[[0;32m  OK  [0m] Stopped OpenBSD Secure Shell server.
         Starting OpenBSD Secure Shell server...
[[0;32m  OK  [0m] Started OpenBSD Secure Shell server.
[   17.562109] cloud-init[1059]: Cloud-init v. 0.7.9 running 'modules:config' at Thu, 06 Jul 2017 06:39:26 +0000. Up 16.26 seconds.
[[0;32m  OK  [0m] Started Apply the settings specified in cloud-config.
         Starting Execute cloud user/final scripts...
ci-info: no authorized ssh keys fingerprints found for user ubuntu.
<14>Jul  6 06:39:28 ec2: 
<14>Jul  6 06:39:28 ec2: #############################################################
<14>Jul  6 06:39:28 ec2: -----BEGIN SSH HOST KEY FINGERPRINTS-----
<14>Jul  6 06:39:28 ec2: 1024 SHA256:WQ73vPcnipTMdfNBluwLl6ZYovsZsgd/XHruGjDLMzs root@ubuntu-xenial (DSA)
<14>Jul  6 06:39:28 ec2: 256 SHA256:w3NGdVblf35Tud4F8jROENQoxMyOz2dS7jjKksKPaw0 root@ubuntu-xenial (ECDSA)
<14>Jul  6 06:39:28 ec2: 256 SHA256:Gnq1dwYpg/YiFAUn7xGYDirWVHq7jVafOUeoH21O/Hk root@ubuntu-xenial (ED25519)
<14>Jul  6 06:39:28 ec2: 2048 SHA256:mBP47CgeQHFepbtSyHzgKUox+A0EK5fnP02DR4gCZm0 root@ubuntu-xenial (RSA)
<14>Jul  6 06:39:28 ec2: -----END SSH HOST KEY FINGERPRINTS-----
<14>Jul  6 06:39:28 ec2: #############################################################
-----BEGIN SSH HOST KEY KEYS-----
ecdsa-sha2-nistp256 AAAAE2VjZHNhLXNoYTItbmlzdHAyNTYAAAAIbmlzdHAyNTYAAABBBJwMLtCRdB4hUAnn2IaaDXR/QCls6CTip2Jtz6xoFZZTCxKrNXy2I/c8+wGmeUIiOlCHdvbpy5iWSLlvq5NzW0o= root@ubuntu-xenial
ssh-ed25519 AAAAC3NzaC1lZDI1NTE5AAAAILFtR5XrGgSq8I/x+fCl2MnLDPjnZMi7EaSh/hCsaMKt root@ubuntu-xenial
ssh-rsa AAAAB3NzaC1yc2EAAAADAQABAAABAQDQ34fls1cUTMX6LYnj5LBB2F7Z2l431E+XQOIskZVYr4Zu1A/t1tQX7GO+N1UqIJ8BXfqEaR0zmO+saNyqxtzjRo0Q8NtZPXnDQlumeaPahM6ezxztK0dWk9UWPgk81E9HmN6UC2b7RgSqwWN4q4DW++WuEjiQm+0NBq+UjzGp0wT0LYud5Vbrf44L/WFYZb9jkNjrOaLPtTSVui5hYWWbXKz4CcQ1Cqj5Xtm7qDgQUmuN+j5knE1kpmZ1Gy7M9a24o5FQavGFs9NzbMiG2nkpzSwT5Sazj8PjJ7xrJI0mYmC7o6FRFHxgm0mt3Di4ExCO/mef5J3woZsuXMg+P98L root@ubuntu-xenial
-----END SSH HOST KEY KEYS-----
[   17.996942] cloud-init[1308]: Cloud-init v. 0.7.9 running 'modules:final' at Thu, 06 Jul 2017 06:39:28 +0000. Up 17.85 seconds.
[   18.011017] cloud-init[1308]: ci-info: no authorized ssh keys fingerprints found for user ubuntu.
[   18.018982] cloud-init[1308]: Cloud-init v. 0.7.9 finished at Thu, 06 Jul 2017 06:39:28 +0000. Datasource DataSourceNoCloud [seed=/dev/sdb][dsmode=net].  Up 17.99 seconds
[[0;32m  OK  [0m] Started Execute cloud user/final scripts.
[[0;32m  OK  [0m] Reached target Cloud-init target.

Ubuntu 16.04.2 LTS ubuntu-xenial ttyS0

ubuntu-xenial login: 