[    0.000000] Initializing cgroup subsys cpuset
[    0.000000] Initializing cgroup subsys cpu
[    0.000000] Initializing cgroup subsys cpuacct
[    0.000000] Linux version 4.4.0-83-generic (buildd@lgw01-29) (gcc version 5.4.0 20160609 (Ubuntu 5.4.0-6ubuntu1~16.04.4) ) #106-Ubuntu SMP Mon Jun 26 17:54:43 UTC 2017 (Ubuntu 4.4.0-83.106-generic 4.4.70)
[    0.000000] Command line: BOOT_IMAGE=/boot/vmlinuz-4.4.0-83-generic root=LABEL=cloudimg-rootfs ro console=tty1 console=ttyS0
[    0.000000] KERNEL supported cpus:
[    0.000000]   Intel GenuineIntel
[    0.000000]   AMD AuthenticAMD
[    0.000000]   Centaur CentaurHauls
[    0.000000] x86/fpu: xstate_offset[2]:  576, xstate_sizes[2]:  256
[    0.000000] x86/fpu: Supporting XSAVE feature 0x01: 'x87 floating point registers'
[    0.000000] x86/fpu: Supporting XSAVE feature 0x02: 'SSE registers'
[    0.000000] x86/fpu: Supporting XSAVE feature 0x04: 'AVX registers'
[    0.000000] x86/fpu: Enabled xstate features 0x7, context size is 832 bytes, using 'standard' format.
[    0.000000] x86/fpu: Using 'lazy' FPU context switches.
[    0.000000] e820: BIOS-provided physical RAM map:
[    0.000000] BIOS-e820: [mem 0x0000000000000000-0x000000000009fbff] usable
[    0.000000] BIOS-e820: [mem 0x000000000009fc00-0x000000000009ffff] reserved
[    0.000000] BIOS-e820: [mem 0x00000000000f0000-0x00000000000fffff] reserved
[    0.000000] BIOS-e820: [mem 0x0000000000100000-0x000000007ffeffff] usable
[    0.000000] BIOS-e820: [mem 0x000000007fff0000-0x000000007fffffff] ACPI data
[    0.000000] BIOS-e820: [mem 0x00000000fec00000-0x00000000fec00fff] reserved
[    0.000000] BIOS-e820: [mem 0x00000000fee00000-0x00000000fee00fff] reserved
[    0.000000] BIOS-e820: [mem 0x00000000fffc0000-0x00000000ffffffff] reserved
[    0.000000] NX (Execute Disable) protection: active
[    0.000000] SMBIOS 2.5 present.
[    0.000000] Hypervisor detected: KVM
[    0.000000] e820: last_pfn = 0x7fff0 max_arch_pfn = 0x400000000
[    0.000000] MTRR: Disabled
[    0.000000] x86/PAT: MTRRs disabled, skipping PAT initialization too.
[    0.000000] x86/PAT: Configuration [0-7]: WB  WT  UC- UC  WB  WT  UC- UC  
[    0.000000] CPU MTRRs all blank - virtualized system.
[    0.000000] found SMP MP-table at [mem 0x0009fff0-0x0009ffff] mapped at [ffff88000009fff0]
[    0.000000] Scanning 1 areas for low memory corruption
[    0.000000] RAMDISK: [mem 0x36aec000-0x3756dfff]
[    0.000000] ACPI: Early table checksum verification disabled
[    0.000000] ACPI: RSDP 0x00000000000E0000 000024 (v02 VBOX  )
[    0.000000] ACPI: XSDT 0x000000007FFF0030 00003C (v01 VBOX   VBOXXSDT 00000001 ASL  00000061)
[    0.000000] ACPI: FACP 0x000000007FFF00F0 0000F4 (v04 VBOX   VBOXFACP 00000001 ASL  00000061)
[    0.000000] ACPI: DSDT 0x000000007FFF0470 0021C8 (v02 VBOX   VBOXBIOS 00000002 INTL 20100528)
[    0.000000] ACPI: FACS 0x000000007FFF0200 000040
[    0.000000] ACPI: FACS 0x000000007FFF0200 000040
[    0.000000] ACPI: APIC 0x000000007FFF0240 00005C (v02 VBOX   VBOXAPIC 00000001 ASL  00000061)
[    0.000000] ACPI: SSDT 0x000000007FFF02A0 0001CC (v01 VBOX   VBOXCPUT 00000002 INTL 20100528)
[    0.000000] No NUMA configuration found
[    0.000000] Faking a node at [mem 0x0000000000000000-0x000000007ffeffff]
[    0.000000] NODE_DATA(0) allocated [mem 0x7ffeb000-0x7ffeffff]
[    0.000000] kvm-clock: Using msrs 4b564d01 and 4b564d00
[    0.000000] kvm-clock: cpu 0, msr 0:7ffe3001, primary cpu clock
[    0.000000] kvm-clock: using sched offset of 3374768918 cycles
[    0.000000] clocksource: kvm-clock: mask: 0xffffffffffffffff max_cycles: 0x1cd42e4dffb, max_idle_ns: 881590591483 ns
[    0.000000] Zone ranges:
[    0.000000]   DMA      [mem 0x0000000000001000-0x0000000000ffffff]
[    0.000000]   DMA32    [mem 0x0000000001000000-0x000000007ffeffff]
[    0.000000]   Normal   empty
[    0.000000]   Device   empty
[    0.000000] Movable zone start for each node
[    0.000000] Early memory node ranges
[    0.000000]   node   0: [mem 0x0000000000001000-0x000000000009efff]
[    0.000000]   node   0: [mem 0x0000000000100000-0x000000007ffeffff]
[    0.000000] Initmem setup node 0 [mem 0x0000000000001000-0x000000007ffeffff]
[    0.000000] ACPI: PM-Timer IO Port: 0x4008
[    0.000000] IOAPIC[0]: apic_id 2, version 32, address 0xfec00000, GSI 0-23
[    0.000000] ACPI: INT_SRC_OVR (bus 0 bus_irq 0 global_irq 2 dfl dfl)
[    0.000000] ACPI: INT_SRC_OVR (bus 0 bus_irq 9 global_irq 9 high level)
[    0.000000] Using ACPI (MADT) for SMP configuration information
[    0.000000] smpboot: Allowing 2 CPUs, 0 hotplug CPUs
[    0.000000] PM: Registered nosave memory: [mem 0x00000000-0x00000fff]
[    0.000000] PM: Registered nosave memory: [mem 0x0009f000-0x0009ffff]
[    0.000000] PM: Registered nosave memory: [mem 0x000a0000-0x000effff]
[    0.000000] PM: Registered nosave memory: [mem 0x000f0000-0x000fffff]
[    0.000000] e820: [mem 0x80000000-0xfebfffff] available for PCI devices
[    0.000000] Booting paravirtualized kernel on KVM
[    0.000000] clocksource: refined-jiffies: mask: 0xffffffff max_cycles: 0xffffffff, max_idle_ns: 7645519600211568 ns
[    0.000000] setup_percpu: NR_CPUS:512 nr_cpumask_bits:512 nr_cpu_ids:2 nr_node_ids:1
[    0.000000] PERCPU: Embedded 33 pages/cpu @ffff88007fc00000 s98264 r8192 d28712 u1048576
[    0.000000] PV qspinlock hash table entries: 256 (order: 0, 4096 bytes)
[    0.000000] Built 1 zonelists in Node order, mobility grouping on.  Total pages: 515961
[    0.000000] Policy zone: DMA32
[    0.000000] Kernel command line: BOOT_IMAGE=/boot/vmlinuz-4.4.0-83-generic root=LABEL=cloudimg-rootfs ro console=tty1 console=ttyS0
[    0.000000] PID hash table entries: 4096 (order: 3, 32768 bytes)
[    0.000000] Memory: 2034008K/2096696K available (8469K kernel code, 1294K rwdata, 3984K rodata, 1488K init, 1316K bss, 62688K reserved, 0K cma-reserved)
[    0.000000] SLUB: HWalign=64, Order=0-3, MinObjects=0, CPUs=2, Nodes=1
[    0.000000] Hierarchical RCU implementation.
[    0.000000] 	Build-time adjustment of leaf fanout to 64.
[    0.000000] 	RCU restricting CPUs from NR_CPUS=512 to nr_cpu_ids=2.
[    0.000000] RCU: Adjusting geometry for rcu_fanout_leaf=64, nr_cpu_ids=2
[    0.000000] NR_IRQS:33024 nr_irqs:440 16
[    0.000000] Console: colour VGA+ 80x25
[    0.000000] console [tty1] enabled
[    0.000000] console [ttyS0] enabled
[    0.000000] tsc: Detected 2494.226 MHz processor
[    3.580664] Calibrating delay loop (skipped) preset value.. 4988.45 BogoMIPS (lpj=9976904)
[    3.582660] pid_max: default: 32768 minimum: 301
[    3.583776] ACPI: Core revision 20150930
[    3.586288] ACPI: 2 ACPI AML tables successfully acquired and loaded
[    3.661359] Security Framework initialized
[    3.662216] Yama: becoming mindful.
[    3.663005] AppArmor: AppArmor initialized
[    3.665143] Dentry cache hash table entries: 262144 (order: 9, 2097152 bytes)
[    3.676504] Inode-cache hash table entries: 131072 (order: 8, 1048576 bytes)
[    3.679201] Mount-cache hash table entries: 4096 (order: 3, 32768 bytes)
[    3.680198] Mountpoint-cache hash table entries: 4096 (order: 3, 32768 bytes)
[    3.682819] Initializing cgroup subsys io
[    3.700208] Initializing cgroup subsys memory
[    3.700932] Initializing cgroup subsys devices
[    3.701663] Initializing cgroup subsys freezer
[    3.757664] Initializing cgroup subsys net_cls
[    3.766673] Initializing cgroup subsys perf_event
[    3.767760] Initializing cgroup subsys net_prio
[    3.768771] Initializing cgroup subsys hugetlb
[    3.769758] Initializing cgroup subsys pids
[    3.779915] CPU: Physical Processor ID: 0
[    3.812095] CPU: Processor Core ID: 0
[    3.826329] mce: CPU supports 0 MCE banks
[    3.828312] Last level iTLB entries: 4KB 1024, 2MB 1024, 4MB 1024
[    3.829198] Last level dTLB entries: 4KB 1024, 2MB 1024, 4MB 1024, 1GB 4
[    3.831952] Freeing SMP alternatives memory: 32K (ffffffff820b9000 - ffffffff820c1000)
[    3.841885] ftrace: allocating 32129 entries in 126 pages
[    3.946272] smpboot: APIC(0) Converting physical 0 to logical package 0
[    4.054195] smpboot: Max logical packages: 1
[    4.064971] x2apic enabled
[    4.104679] Switched APIC routing to physical x2apic.
[    4.131468] ..TIMER: vector=0x30 apic1=0 pin1=2 apic2=-1 pin2=-1
[    4.239314] smpboot: CPU0: Intel(R) Core(TM) i7-4710MQ CPU @ 2.50GHz (family: 0x6, model: 0x3c, stepping: 0x3)
[    4.331534] Performance Events: unsupported p6 CPU model 60 no PMU driver, software events only.
[    4.409319] KVM setup paravirtual spinlock
[    4.444249] x86: Booting SMP configuration:
[    4.445186] .... node  #0, CPUs:      #1
[    4.466499] kvm-clock: cpu 1, msr 0:7ffe3041, secondary cpu clock
[    4.477160] mce: CPU supports 0 MCE banks
[    4.487605] x86: Booted up 1 node, 2 CPUs
[    4.524407] smpboot: Total of 2 processors activated (9976.90 BogoMIPS)
[    4.534479] devtmpfs: initialized
[    4.536812] evm: security.selinux
[    4.550659] evm: security.SMACK64
[    4.551251] evm: security.SMACK64EXEC
[    4.582135] evm: security.SMACK64TRANSMUTE
[    4.594102] evm: security.SMACK64MMAP
[    4.608381] evm: security.ima
[    4.633357] evm: security.capability
[    4.656137] clocksource: jiffies: mask: 0xffffffff max_cycles: 0xffffffff, max_idle_ns: 7645041785100000 ns
[    4.698536] futex hash table entries: 512 (order: 3, 32768 bytes)
[    4.743524] pinctrl core: initialized pinctrl subsystem
[    4.749840] RTC time:  7:01:46, date: 07/07/17
[    4.783349] NET: Registered protocol family 16
[    4.829820] cpuidle: using governor ladder
[    4.860824] cpuidle: using governor menu
[    4.892797] PCCT header not found.
[    4.893461] ACPI: bus type PCI registered
[    4.898228] acpiphp: ACPI Hot Plug PCI Controller Driver version: 0.5
[    4.899238] PCI: Using configuration type 1 for base access
[    4.913554] ACPI: Added _OSI(Module Device)
[    4.960256] ACPI: Added _OSI(Processor Device)
[    4.987856] ACPI: Added _OSI(3.0 _SCP Extensions)
[    4.988633] ACPI: Added _OSI(Processor Aggregator Device)
[    5.014395] ACPI: Executed 1 blocks of module-level executable AML code
[    5.040521] ACPI: Interpreter enabled
[    5.049874] ACPI: (supports S0 S5)
[    5.050460] ACPI: Using IOAPIC for interrupt routing
[    5.051380] PCI: Using host bridge windows from ACPI; if necessary, use "pci=nocrs" and report a bug
[    5.075369] ACPI: PCI Root Bridge [PCI0] (domain 0000 [bus 00-ff])
[    5.117302] acpi PNP0A03:00: _OSC: OS supports [ASPM ClockPM Segments MSI]
[    5.189198] acpi PNP0A03:00: _OSC failed (AE_NOT_FOUND); disabling ASPM
[    5.239989] acpi PNP0A03:00: fail to add MMCONFIG information, can't access extended PCI configuration space under this bridge.
[    5.292107] PCI host bridge to bus 0000:00
[    5.295266] pci_bus 0000:00: root bus resource [io  0x0000-0x0cf7 window]
[    5.296216] pci_bus 0000:00: root bus resource [io  0x0d00-0xffff window]
[    5.297149] pci_bus 0000:00: root bus resource [mem 0x000a0000-0x000bffff window]
[    5.298318] pci_bus 0000:00: root bus resource [mem 0x80000000-0xffdfffff window]
[    5.299518] pci_bus 0000:00: root bus resource [bus 00-ff]
[    5.301714] pci 0000:00:01.1: legacy IDE quirk: reg 0x10: [io  0x01f0-0x01f7]
[    5.384818] pci 0000:00:01.1: legacy IDE quirk: reg 0x14: [io  0x03f6]
[    5.432845] pci 0000:00:01.1: legacy IDE quirk: reg 0x18: [io  0x0170-0x0177]
[    5.469430] pci 0000:00:01.1: legacy IDE quirk: reg 0x1c: [io  0x0376]
[    5.581264] pci 0000:00:07.0: quirk: [io  0x4000-0x403f] claimed by PIIX4 ACPI
[    5.616833] pci 0000:00:07.0: quirk: [io  0x4100-0x410f] claimed by PIIX4 SMB
[    5.662913] ACPI: PCI Interrupt Link [LNKA] (IRQs 5 9 10 *11)
[    5.726612] ACPI: PCI Interrupt Link [LNKB] (IRQs 5 9 10 *11)
[    5.743908] ACPI: PCI Interrupt Link [LNKC] (IRQs 5 9 *10 11)
[    5.799899] ACPI: PCI Interrupt Link [LNKD] (IRQs 5 *9 10 11)
[    5.816000] ACPI: Enabled 2 GPEs in block 00 to 07
[    5.817133] vgaarb: setting as boot device: PCI:0000:00:02.0
[    5.847447] vgaarb: device added: PCI:0000:00:02.0,decodes=io+mem,owns=io+mem,locks=none
[    5.848747] vgaarb: loaded
[    5.850749] vgaarb: bridge control possible 0000:00:02.0
[    5.851792] SCSI subsystem initialized
[    5.858486] ACPI: bus type USB registered
[    5.864645] usbcore: registered new interface driver usbfs
[    5.868141] usbcore: registered new interface driver hub
[    5.868956] usbcore: registered new device driver usb
[    5.870053] PCI: Using ACPI for IRQ routing
[    5.897206] NetLabel: Initializing
[    5.897790] NetLabel:  domain hash size = 128
[    5.898466] NetLabel:  protocols = UNLABELED CIPSOv4
[    5.935132] NetLabel:  unlabeled traffic allowed by default
[    5.995538] amd_nb: Cannot enumerate AMD northbridges
[    5.996359] clocksource: Switched to clocksource kvm-clock
[    6.005617] AppArmor: AppArmor Filesystem Enabled
[    6.098404] pnp: PnP ACPI init
[    6.190612] pnp: PnP ACPI: found 3 devices
[    6.269750] clocksource: acpi_pm: mask: 0xffffff max_cycles: 0xffffff, max_idle_ns: 2085701024 ns
[    6.314889] NET: Registered protocol family 2
[    6.416051] TCP established hash table entries: 16384 (order: 5, 131072 bytes)
[    6.436425] TCP bind hash table entries: 16384 (order: 6, 262144 bytes)
[    6.449464] TCP: Hash tables configured (established 16384 bind 16384)
[    6.450428] UDP hash table entries: 1024 (order: 3, 32768 bytes)
[    6.451316] UDP-Lite hash table entries: 1024 (order: 3, 32768 bytes)
[    6.495013] NET: Registered protocol family 1
[    6.517018] pci 0000:00:00.0: Limiting direct PCI/PCI transfers
[    6.642453] pci 0000:00:01.0: Activating ISA DMA hang workarounds
[    6.648910] Unpacking initramfs...
[    8.431046] Freeing initrd memory: 10760K (ffff880036aec000 - ffff88003756e000)
[    8.450495] RAPL PMU detected, API unit is 2^-32 Joules, 4 fixed counters 10737418240 ms ovfl timer
[    8.567410] hw unit of domain pp0-core 2^-0 Joules
[    8.639174] hw unit of domain package 2^-0 Joules
[    8.648891] hw unit of domain dram 2^-0 Joules
[    8.704452] hw unit of domain pp1-gpu 2^-0 Joules
[    8.768851] platform rtc_cmos: registered platform RTC device (no PNP device found)
[    8.770090] Scanning for low memory corruption every 60 seconds
[    8.789487] audit: initializing netlink subsys (disabled)
[    8.797874] audit: type=2000 audit(1499410910.084:1): initialized
[    8.802328] Initialise system trusted keyring
[    8.810965] HugeTLB registered 2 MB page size, pre-allocated 0 pages
[    8.820492] zbud: loaded
[    8.829402] VFS: Disk quotas dquot_6.6.0
[    8.846977] VFS: Dquot-cache hash table entries: 512 (order 0, 4096 bytes)
[    8.850022] squashfs: version 4.0 (2009/01/31) Phillip Lougher
[    8.853746] fuse init (API version 7.23)
[    8.862398] Key type big_key registered
[    8.868372] Allocating IMA MOK and blacklist keyrings.
[    8.870690] Key type asymmetric registered
[    8.895816] Asymmetric key parser 'x509' registered
[    8.899040] Block layer SCSI generic (bsg) driver version 0.4 loaded (major 249)
[    8.913118] io scheduler noop registered
[    8.921466] io scheduler deadline registered (default)
[    8.922375] io scheduler cfq registered
[    8.923109] pci_hotplug: PCI Hot Plug PCI Core version: 0.5
[    8.923930] pciehp: PCI Express Hot Plug Controller Driver version: 0.4
[    8.925022] ACPI: AC Adapter [AC] (on-line)
[    8.925736] input: Power Button as /devices/LNXSYSTM:00/LNXPWRBN:00/input/input0
[    8.953377] ACPI: Power Button [PWRF]
[    8.974951] input: Sleep Button as /devices/LNXSYSTM:00/LNXSLPBN:00/input/input1
[    8.980384] ACPI: Sleep Button [SLPF]
[    8.981742] ACPI: Battery Slot [BAT0] (battery present)
[    8.985648] GHES: HEST is not enabled!
[    9.063890] Serial: 8250/16550 driver, 32 ports, IRQ sharing enabled
ÿ[    9.218349] 00:02: ttyS0 at I/O 0x3f8 (irq = 4, base_baud = 115200) is a 16550A
[    9.256297] Linux agpgart interface v0.103
[    9.287485] loop: module loaded
[    9.315400] scsi host0: ata_piix
[    9.332458] scsi host1: ata_piix
[    9.333060] ata1: PATA max UDMA/33 cmd 0x1f0 ctl 0x3f6 bmdma 0xd000 irq 14
[    9.334016] ata2: PATA max UDMA/33 cmd 0x170 ctl 0x376 bmdma 0xd008 irq 15
[    9.347942] libphy: Fixed MDIO Bus: probed
[    9.365286] tun: Universal TUN/TAP device driver, 1.6
[    9.367562] tun: (C) 1999-2004 Max Krasnyansky <maxk@qualcomm.com>
[    9.368521] PPP generic driver version 2.4.2
[    9.369314] ehci_hcd: USB 2.0 'Enhanced' Host Controller (EHCI) Driver
[    9.370247] ehci-pci: EHCI PCI platform driver
[    9.371151] ehci-platform: EHCI generic platform driver
[    9.399993] ohci_hcd: USB 1.1 'Open' Host Controller (OHCI) Driver
[    9.402363] ohci-pci: OHCI PCI platform driver
[    9.403069] ohci-platform: OHCI generic platform driver
[    9.415991] uhci_hcd: USB Universal Host Controller Interface driver
[    9.417019] i8042: PNP: PS/2 Controller [PNP0303:PS2K,PNP0f03:PS2M] at 0x60,0x64 irq 1,12
[    9.418713] serio: i8042 KBD port at 0x60,0x64 irq 1
[    9.430898] serio: i8042 AUX port at 0x60,0x64 irq 12
[    9.431810] mousedev: PS/2 mouse device common for all mice
[    9.437163] input: AT Translated Set 2 keyboard as /devices/platform/i8042/serio0/input/input2
[    9.448154] rtc_cmos rtc_cmos: rtc core: registered rtc_cmos as rtc0
[    9.451876] rtc_cmos rtc_cmos: alarms up to one day, 114 bytes nvram
[    9.452825] i2c /dev entries driver
[    9.453730] device-mapper: uevent: version 1.0.3
[    9.466230] device-mapper: ioctl: 4.34.0-ioctl (2015-10-28) initialised: dm-devel@redhat.com
[    9.483035] ledtrig-cpu: registered to indicate activity on CPUs
[    9.485747] NET: Registered protocol family 10
[    9.486617] NET: Registered protocol family 17
[    9.501378] Key type dns_resolver registered
[    9.502265] microcode: CPU0 sig=0x306c3, pf=0x40, revision=0x0
[    9.503131] microcode: CPU1 sig=0x306c3, pf=0x40, revision=0x0
[    9.504413] microcode: Microcode Update Driver: v2.01 <tigran@aivazian.fsnet.co.uk>, Peter Oruba
[    9.582476] registered taskstats version 1
[    9.618390] Loading compiled-in X.509 certificates
[    9.619712] Loaded X.509 cert 'Build time autogenerated kernel key: 35105354eb779045e4d9ad793dead39d5ee93f76'
[    9.711228] zswap: loaded using pool lzo/zbud
[    9.768449] tsc: Refined TSC clocksource calibration: 2494.330 MHz
[    9.768451] clocksource: tsc: mask: 0xffffffffffffffff max_cycles: 0x23f44dae1ab, max_idle_ns: 440795269790 ns
[    9.993143] Key type trusted registered
[   10.032287] Key type encrypted registered
[   10.068995] AppArmor: AppArmor sha1 policy hashing enabled
[   10.104373] ima: No TPM chip found, activating TPM-bypass!
[   10.151862] evm: HMAC attrs: 0x1
[   10.152755]   Magic number: 9:233:15
[   10.153445] rtc_cmos rtc_cmos: setting system clock to 2017-07-07 07:01:51 UTC (1499410911)
[   10.249374] BIOS EDD facility v0.16 2004-Jun-25, 0 devices found
[   10.250247] EDD information not available.
[   10.252037] Freeing unused kernel memory: 1488K (ffffffff81f45000 - ffffffff820b9000)
[   10.339161] Write protecting the kernel read-only data: 14336k
[   10.403442] Freeing unused kernel memory: 1760K (ffff880001848000 - ffff880001a00000)
[   10.441919] Freeing unused kernel memory: 112K (ffff880001de4000 - ffff880001e00000)
Loading, please [   10.516178] random: systemd-udevd: uninitialized urandom read (16 bytes read, 3 bits of entropy available)
wait...
starting version 229
[   10.516748] random: udevadm: uninitialized urandom read (16 bytes read, 3 bits of entropy available)
[   10.516780] random: udevadm: uninitialized urandom read (16 bytes read, 3 bits of entropy available)
[   10.516873] random: udevadm: uninitialized urandom read (16 bytes read, 3 bits of entropy available)
[   10.516908] random: udevadm: uninitialized urandom read (16 bytes read, 3 bits of entropy available)
[   10.516939] random: udevadm: uninitialized urandom read (16 bytes read, 3 bits of entropy available)
[   10.516970] random: udevadm: uninitialized urandom read (16 bytes read, 3 bits of entropy available)
[   10.517034] random: udevadm: uninitialized urandom read (16 bytes read, 3 bits of entropy available)
[   10.517071] random: udevadm: uninitialized urandom read (16 bytes read, 3 bits of entropy available)
[   10.517102] random: udevadm: uninitialized urandom read (16 bytes read, 3 bits of entropy available)
[   10.836131] e1000: Intel(R) PRO/1000 Network Driver - version 7.3.21-k8-NAPI
[   10.901985] e1000: Copyright (c) 1999-2006 Intel Corporation.
[   10.926602] Fusion MPT base driver 3.04.20
[   10.936200] Copyright (c) 1999-2008 LSI Corporation
[   10.952096] Fusion MPT SPI Host driver 3.04.20
[   10.970409] AVX version of gcm_enc/dec engaged.
[   10.997859] AES CTR mode by8 optimization enabled
[   11.148182] input: ImExPS/2 Generic Explorer Mouse as /devices/platform/i8042/serio1/input/input4
[   11.326245] e1000 0000:00:03.0 eth0: (PCI:33MHz:32-bit) 02:4a:f7:c6:7f:3a
[   11.419691] e1000 0000:00:03.0 eth0: Intel(R) PRO/1000 Network Connection
[   11.841370] e1000 0000:00:08.0 eth1: (PCI:33MHz:32-bit) 08:00:27:e8:06:b2
[   11.937187] e1000 0000:00:08.0 eth1: Intel(R) PRO/1000 Network Connection
[   11.992425] mptbase: ioc0: Initiating bringup
[   11.993018] e1000 0000:00:08.0 enp0s8: renamed from eth1
[   12.042545] e1000 0000:00:03.0 enp0s3: renamed from eth0
[   12.096992] ioc0: LSI53C1030 A0: Capabilities={Initiator}
[   12.290579] scsi host2: ioc0: LSI53C1030 A0, FwRev=00000000h, Ports=1, MaxQ=256, IRQ=20
[   12.444929] scsi 2:0:0:0: Direct-Access     VBOX     HARDDISK         1.0  PQ: 0 ANSI: 5
[   12.469938] scsi target2:0:0: Beginning Domain Validation
[   12.475157] scsi target2:0:0: Domain Validation skipping write tests
[   12.491671] scsi target2:0:0: Ending Domain Validation
[   12.508620] scsi target2:0:0: asynchronous
[   12.520586] scsi 2:0:1:0: Direct-Access     VBOX     HARDDISK         1.0  PQ: 0 ANSI: 5
[   12.527918] scsi target2:0:1: Beginning Domain Validation
[   12.546869] scsi target2:0:1: Domain Validation skipping write tests
[   12.551197] scsi target2:0:1: Ending Domain Validation
[   12.552083] scsi target2:0:1: asynchronous
[   12.579919] sd 2:0:0:0: Attached scsi generic sg0 type 0
[   12.598857] sd 2:0:0:0: [sda] 20971520 512-byte logical blocks: (10.7 GB/10.0 GiB)
[   12.607486] sd 2:0:1:0: Attached scsi generic sg1 type 0
[   12.608834] sd 2:0:1:0: [sdb] 20480 512-byte logical blocks: (10.5 MB/10.0 MiB)
[   12.609138] sd 2:0:1:0: [sdb] Write Protect is off
[   12.609270] sd 2:0:1:0: [sdb] Incomplete mode parameter data
[   12.609272] sd 2:0:1:0: [sdb] Assuming drive cache: write through
[   12.620802] sd 2:0:0:0: [sda] Write Protect is off
[   12.620861] sd 2:0:0:0: [sda] Incomplete mode parameter data
[   12.620862] sd 2:0:0:0: [sda] Assuming drive cache: write through
[   12.622149] sd 2:0:1:0: [sdb] Attached SCSI disk
[   12.623278]  sda: sda1
[   12.624544] sd 2:0:0:0: [sda] Attached SCSI disk
[   13.948562] floppy0: no floppy controllers found
Begin: Loading e[   15.288010] md: linear personality registered for level -1
ssential drivers ... [   15.309509] md: multipath personality registered for level -4
[   15.354425] md: raid0 personality registered for level 0
[   15.373527] md: raid1 personality registered for level 1
[   15.476673] raid6: sse2x1   gen()  9382 MB/s
[   15.564647] raid6: sse2x1   xor()  7245 MB/s
[   15.656760] raid6: sse2x2   gen() 11338 MB/s
[   15.756748] raid6: sse2x2   xor()  7997 MB/s
[   15.836687] raid6: sse2x4   gen() 13552 MB/s
[   15.912716] raid6: sse2x4   xor()  8204 MB/s
[   15.934742] raid6: using algorithm sse2x4 gen() 13552 MB/s
[   15.944173] raid6: .... xor() 8204 MB/s, rmw enabled
[   15.958326] raid6: using ssse3x2 recovery algorithm
[   15.973453] xor: automatically using best checksumming function:
[   16.020713]    avx       : 21121.000 MB/sec
[   16.061321] async_tx: api initialized (async)
[   16.081260] md: raid6 personality registered for level 6
[   16.101723] md: raid5 personality registered for level 5
[   16.118192] md: raid4 personality registered for level 4
[   16.158859] md: raid10 personality registered for level 10
done.
Begin: Running /scripts/init-premount ... done.
Begin: Mounting root file system ... Begin: Running /scripts/local-top ... done.
Begin: Runnin[   16.227313] Btrfs loaded
g /scripts/local-premount ... Scanning for Btrfs filesystems
done.
Warning: fsck no[   16.254489] EXT4-fs (sda1): mounted filesystem with ordered data mode. Opts: (null)
t present, so skipping root file system
done.
Begin: Running /scripts/local-bottom ... done.
Begin: Running /scripts/init-bottom ... done.
[   16.348464] systemd[1]: systemd 229 running in system mode. (+PAM +AUDIT +SELINUX +IMA +APPARMOR +SMACK +SYSVINIT +UTMP +LIBCRYPTSETUP +GCRYPT +GNUTLS +ACL +XZ -LZ4 +SECCOMP +BLKID +ELFUTILS +KMOD -IDN)
[   16.454777] systemd[1]: Detected virtualization oracle.
[   16.455570] systemd[1]: Detected architecture x86-64.

Welcome to [1mUbuntu 16.04.2 LTS[0m!

[   16.502355] systemd[1]: Set hostname to <ubuntu>.
[   16.594996] systemd[1]: Initializing machine ID from random generator.
[   16.606564] systemd[1]: Installed transient /etc/machine-id file.
[   16.760588] systemd[1]: Listening on Journal Socket (/dev/log).
[[0;32m  OK  [0m] Listening on Journal Socket (/dev/log).
[   16.825115] systemd[1]: Listening on LVM2 metadata daemon socket.
[[0;32m  OK  [0m] Listening on LVM2 metadata daemon socket.
[   16.852073] systemd[1]: Created slice User and Session Slice.
[[0;32m  OK  [0m] Created slice User and Session Slice.
[   16.855496] systemd[1]: Listening on Device-mapper event daemon FIFOs.
[[0;32m  OK  [0m] Listening on Device-mapper event daemon FIFOs.
[   16.937061] systemd[1]: Listening on udev Control Socket.
[[0;32m  OK  [0m] Listening on udev Control Socket.
[   17.044588] systemd[1]: Reached target Swap.
[[0;32m  OK  [0m] Reached target Swap.
[   17.137221] systemd[1]: Started Forward Password Requests to Wall Directory Watch.
[[0;32m  OK  [0m] Started Forward Password Requests to Wall Directory Watch.
[   17.150467] systemd[1]: Listening on Journal Audit Socket.
[[0;32m  OK  [0m] Listening on Journal Audit Socket.
[   17.168650] systemd[1]: Listening on Journal Socket.
[[0;32m  OK  [0m] Listening on Journal Socket.
[   17.188951] systemd[1]: Listening on /dev/initctl Compatibility Named Pipe.
[[0;32m  OK  [0m] Listening on /dev/initctl Compatibility Named Pipe.
[   17.202765] systemd[1]: Created slice System Slice.
[[0;32m  OK  [0m] Created slice System Slice.
[   17.216596] systemd[1]: Reached target Slices.
[[0;32m  OK  [0m] Reached target Slices.
[   17.312644] systemd[1]: Starting Uncomplicated firewall...
         Starting Uncomplicated firewall...
[   17.380577] systemd[1]: Starting Nameserver information manager...
         Starting Nameserver information manager...
[   17.442822] systemd[1]: Mounting POSIX Message Queue File System...
         Mounting POSIX Message Queue File System...
[   17.516639] systemd[1]: Starting Remount Root and Kernel File Systems...
         Starting Remount[   17.555244] EXT4-fs (sda1): re-mounted. Opts: (null)
 Root and Kernel File Systems...
[   17.572372] systemd[1]: Created slice system-serial\x2dgetty.slice.
[[0;32m  OK  [0m] Created slice system-serial\x2dgetty.slice.
[   17.636629] systemd[1]: Starting Load Kernel Modules...
         Starting Load Kernel Modules...
[   17.657158] Loading iSCSI transport class v2.0-870.
[   17.657168] systemd[1]: Reached target Encrypted Volumes.
[[0;32m  OK  [0[   17.671130] iscsi: registered transport (tcp)
m] Reached target Encrypted Volumes.
[   17.692712] systemd[1]: Listening on LVM2 poll daemon socket.
[[0;32m  OK  [0m] Listening on LVM2 poll daemo[   17.729263] iscsi: registered transport (iser)
n socket.
[   17.772693] systemd[1]: Set up automount Arbitrary Executable File Formats File System Automount Point.
[[0;32m  OK  [0m] Set up automount Arbitrary Executab...ats File System Automount Point.
[   17.848604] systemd[1]: Mounting Debug File System...
         Mounting Debug File System...
[   17.889238] systemd[1]: Starting Create list of required static device nodes for the current kernel...
[   17.890653] random: nonblocking pool is initialized
         Starting Create list of required st... nodes for the current kernel...
[   17.913847] systemd[1]: Starting Set console keymap...
         Starting Set console keymap...
[   17.925527] systemd[1]: Started Trigger resolvconf update for networkd DNS.
[[0;32m  OK  [0m] Started Trigger resolvconf update for networkd DNS.
[   17.948699] systemd[1]: Listening on udev Kernel Socket.
[[0;32m  OK  [0m] Listening on udev Kernel Socket.
[   18.052712] systemd[1]: Starting Monitoring of LVM2 mirrors, snapshots etc. using dmeventd or progress polling...
         Starting Monitoring of LVM2 mirrors... dmeventd or progress polling...
[   18.200689] systemd[1]: Mounting Huge Pages File System...
         Mounting Huge Pages File System...
[   18.230277] systemd[1]: Listening on Syslog Socket.
[[0;32m  OK  [0m] Listening on Syslog Socket.
[   18.232961] systemd[1]: Starting Journal Service...
         Starting Journal Service...
[   18.254885] systemd[1]: Reached target User and Group Name Lookups.
[[0;32m  OK  [0m] Reached target User and Group Name Lookups.
[   18.326681] systemd[1]: Mounted Debug File System.
[[0;32m  OK  [0m] Mounted Debug File System.
[   18.394460] systemd[1]: Mounted POSIX Message Queue File System.
[[0;32m  OK  [0m] Mounted POSIX Message Queue File System.
[   18.421928] systemd[1]: Mounted Huge Pages File System.
[[0;32m  OK  [0m] Mounted Huge Pages File System.
[   18.441315] systemd[1]: Started Journal Service.
[[0;32m  OK  [0m] Started Journal Service.
[[0;32m  OK  [0m] Started Uncomplicated firewall.
[[0;32m  OK  [0m] Started Remount Root and Kernel File Systems.
[[0;32m  OK  [0m] Started Load Kernel Modules.
[[0;32m  OK  [0m] Started Create list of required sta...ce nodes for the current kernel.
[[0;32m  OK  [0m] Started Set console keymap.
[[0;32m  OK  [0m] Started Nameserver information manager.
[[0;32m  OK  [0m] Started LVM2 metadata daemon.
         Starting Create Static Device Nodes in /dev...
         Mounting FUSE Control File System...
         Starting Apply Kernel Variables...
         Starting Initial cloud-init job (pre-networking)...
         Starting Load/Save Random Seed...
         Starting udev Coldplug all Devices...
         Starting Flush Journal to Persistent Storage...
[[0;32m  OK  [0m] Mounted FUSE Control File System.
[[0;32m  OK  [0m] Started Monitoring of LVM2 mirrors,...ng dmeventd or progress polling.
[[0;32m  OK  [0m] Started Create Static Device Nodes in /dev.
[[0;32m  OK  [0m] Started Apply Kernel Variables.
[[0;32m  OK  [0m] Started Load/Save Random Seed.
         Starting udev Kernel Device Manager...
[[0;32m  OK  [0m] Started udev Coldplug all Devices.
[[0;32m  OK  [0m] Started udev Kernel Device Manager.
[[0;32m  OK  [0m] Reached target Local File Systems (Pre).
[[0;32m  OK  [0m] Reached target Local File Systems.
         Starting Tell Plymouth To Write Out Runtime Data...
         Starting Commit a transient machine-id on disk...
         Starting Set console font and keymap...
         Starting LSB: AppArmor initialization...
[[0;32m  OK  [0m] Started Dispatch Password Requests to Console Directory Watch.
[[0;32m  OK  [0m] Started Flush Journal to Persistent Storage.
[[0;32m  OK  [0m] Started Tell Plymouth To Write Out Runtime Data.
[[0;32m  OK  [0m] Started Commit a transient machine-id on disk.
[   14.371878] cloud-init[453]: Cloud-init v. 0.7.9 running 'init-local' at Fri, 07 Jul 2017 07:02:00 +0000. Up 13.96 seconds.
[[0;32m  OK  [0m] Started Initial cloud-init job (pre-networking).
[[0;32m  OK  [0m] Found device /dev/ttyS0.
[[0;32m  OK  [0m] Started Set console font and keymap.
[[0;32m  OK  [0m] Listening on Load/Save RF Kill Switch Status /dev/rfkill Watch.
[[0;32m  OK  [0m] Created slice system-getty.slice.
[[0;32m  OK  [0m] Reached target Network (Pre).
         Starting Create Volatile Files and Directories...
[[0;32m  OK  [0m] Started Create Volatile Files and Directories.
[[0;32m  OK  [0m] Reached target System Time Synchronized.
         Starting Update UTMP about System Boot/Shutdown...
[[0;32m  OK  [0m] Started Update UTMP about System Boot/Shutdown.
[[0;32m  OK  [0m] Started LSB: AppArmor initialization.
         Starting Raise network interfaces...
[[0;32m  OK  [0m] Started Raise network interfaces.
         Starting Initial cloud-init job (metadata service crawler)...
[[0;32m  OK  [0m] Reached target Network.
[   17.911152] cloud-init[943]: Cloud-init v. 0.7.9 running 'init' at Fri, 07 Jul 2017 07:02:04 +0000. Up 17.44 seconds.
[   17.938066] cloud-init[943]: ci-info: ++++++++++++++++++++++++++++++++++++++Net device info++++++++++++++++++++++++++++++++++++++
[   17.970647] cloud-init[943]: ci-info: +--------+-------+----------------------------+---------------+-------+-------------------+
[   18.000528] [cloud-init[0;32m  OK  [0m[943]: ] ci-info: | Device |   Up  |          Address           |      Mask     | Scope |     Hw-Address    |Started Initial cloud-init job (metadata service crawler).

[   18.000786] cloud-init[943]: ci-info: +--------+-------+----------------------------+---------------+-------+-------------------+
[[0;32m  OK  [0m] Reached target Network is Online.
[   18.108047] cloud-init[943]: ci-info: | enp0s8 | False |             .              |       .       |   .   | 08:00:27:e8:06:b2 |
[   18.166195]          cloud-initStarting iSCSI initiator daemon (iscsid)...[943]: 
ci-info: |   lo   |  True |         127.0.0.1          |   255.0.0.0   |   .   |         .         |
[   18.187287] [cloud-init[0;32m  OK  [0m[943]: ] ci-info: |   lo   |  True |          ::1/128           |       .       |  host |         .         |Reached target System Initialization.

[   18.203573] [cloud-init[0;32m  OK  [0m[943]: ] ci-info: | enp0s3 |  True |         10.0.2.15          | 255.255.255.0 |   .   | 02:4a:f7:c6:7f:3a |Listening on D-Bus System Message Bus Socket.

[   18.204027] [cloud-init[0;32m  OK  [0m[943]: ] ci-info: | enp0s3 |  True | fe80::4a:f7ff:fec6:7f3a/64 |       .       |  link | 02:4a:f7:c6:7f:3a |Listening on ACPID Listen Socket.

[   18.279137] [cloud-init[0;32m  OK  [0m[943]: ] ci-info: +--------+-------+----------------------------+---------------+-------+-------------------+Started Timer to automatically refresh installed snaps.

[   18.279483] cloud-init[943]: ci-info: +++++++++++++++++++++++++++Route IPv4 info++++++++++++++++++++++++++++
[   18.311776]          Starting LXD - unix socket.
cloud-init[943]: ci-info: +-------+-------------+----------+---------------+-----------+-------+
[   18.365476] [cloud-init[0;32m  OK  [0m[943]: ] ci-info: | Route | Destination | Gateway  |    Genmask    | Interface | Flags |Started Daily Cleanup of Temporary Directories.

[   18.412688]          cloud-initStarting Socket activation for snappy daemon.[943]: 
ci-info: +-------+-------------+----------+---------------+-----------+-------+
[   18.445318] [cloud-init[0;32m  OK  [0m[943]: ] ci-info: |   0   |   0.0.0.0   | 10.0.2.2 |    0.0.0.0    |   enp0s3  |   UG  |Listening on UUID daemon activation socket.

[   18.488505] [cloud-init[0;32m  OK  [0m[943]: ] ci-info: |   1   |   10.0.2.0  | 0.0.0.0  | 255.255.255.0 |   enp0s3  |   U   |Started ACPI Events Check.

[   18.570216] [cloud-init[0;32m  OK  [0m[943]: ] ci-info: +-------+-------------+----------+---------------+-----------+-------+Reached target Paths.

[[0;32m  OK  [0m] Started Daily apt activities.
[   18.615768] [cloud-init[0;32m  OK  [0m[943]: ] Generating public/private rsa key pair.Reached target Timers.

[   18.669421] [cloud-init[0;32m  OK  [0m[943]: ] Your identification has been saved in /etc/ssh/ssh_host_rsa_key.Reached target Cloud-config availability.

[   18.712304] [cloud-init[0;32m  OK  [0m[943]: ] Your public key has been saved in /etc/ssh/ssh_host_rsa_key.pub.Listening on LXD - unix socket.

[   18.760689] [cloud-init[0;32m  OK  [0m[943]: ] The key fingerprint is:Listening on Socket activation for snappy daemon.

[[0;32m  OK  [0m] Started iSCSI initiator daemon (iscsid).
[   18.761062] cloud-init[943]: SHA256:BuxMIw5m1NMwsz390ABKHdoivDtRb7QYMNkjpvHvLe4 root@ubuntu-xenial
[   18.809047]          cloud-initStarting Login to default iSCSI targets...[943]: 
The key's randomart image is:
[   18.820851] [cloud-init[0;32m  OK  [0m[943]: ] +---[RSA 2048]----+Reached target Sockets.

[   18.855259] [cloud-init[0;32m  OK  [0m[943]: ] |  ++=+oo.        |Reached target Basic System.

[[0;32m  OK  [0m] Started Snappy daemon.
[   18.909498] cloud-init[943]: |.o++=Xo. o       |
[   18.941635]          cloud-initStarting Login Service...[943]: 
| =*.OoX o .      |
[   18.970104] [cloud-init[0;32m  OK  [0m[943]: ] |.o.* @ = o       |Started Unattended Upgrades Shutdown.

[   18.970532] cloud-init[943]: |  o.o * S .      |
[   19.000729]          cloud-initStarting Auto import assertions from block devices...[943]: 
|   o.. .         |
[   19.041717] cloud-init[943]: |  o. .           |
         Starting Pollinate to seed the pseudo random number generator...
[   19.041994] cloud-init[943]: |   .o .          |
[   19.078716] cloud-init[943]: |   oE.           |
[   19.083568] cloud-init[943]: +----[SHA256]-----+
[   19.085956] cloud-init[943]: Generating public/private dsa key pair.
[   19.109844] [cloud-init[0;32m  OK  [0m[943]: ] Your identification has been saved in /etc/ssh/ssh_host_dsa_key.Started ACPI event daemon.

[   19.110468] cloud-init[943]: Your public key has been saved in /etc/ssh/ssh_host_dsa_key.pub.
[   19.164260]          cloud-initStarting LSB: Record successful boot for GRUB...[943]: 
The key fingerprint is:
         Starting LSB: MD monitoring daemon...
[   19.195011] cloud-init[943]: SHA256:pukST8BhKpx0MFrlkrw+/dGA4UNDhHciVkrEMN/G0ZU root@ubuntu-xenial
[[0;32m  OK  [0m] Started D-Bus System Message Bus.
[   19.236093] cloud-init[943]: The key's randomart image is:
[   19.262885] cloud-init[943]: +---[DSA 1024]----+
[   19.289381] [cloud-init[0;32m  OK  [0m[943]: ] |o*==*. ...       |Started FUSE filesystem for LXC.

[   19.289837] cloud-init[943]: |.B*O=.o E        |
[   19.340732] cloud-init[943]: |+.O*O+           |
         Starting Accounts Service...
[   19.386132] cloud-init[943]: |.o.*o+           |
[   19.409762] cloud-init[943]: | .. +.. S        |
[[0;32m  OK  [0m] Started Deferred execution scheduler.
[   19.425922] cloud-init[943]: | . ....*         |
[[0;32m  OK  [0m] Started Regular background program processing daemon.
[   19.458536] cloud-init[943]: |  o .++ .        |
[   19.509014] cloud-init[943]: |   ..o..         |
[   19.552601] cloud-init[943]: |     .o          |
[   19.552686] cloud-init[943]: +----[SHA256]-----+
[   19.552801] cloud-init[943]: Generating public/private ecdsa key pair.
[   19.552828] cloud-init[943]: Your identification has been saved in /etc/ssh/ssh_host_ecdsa_key.
[   19.552855] cloud-init[943]: Your public key has been saved in /etc/ssh/ssh_host_ecdsa_key.pub.
[   19.552881] cloud-init[943]: The key fingerprint is:
[   19.552906] cloud-init[943]: SHA256:4FuMpCroQsNSz5Di8gm24Je0Xj8Aex6G99CpnweqVHY root@ubuntu-xenial
[   19.552930] cloud-init[943]: The key's randomart image is:
[   19.552953] cloud-init[943]: +---[ECDSA 256]---+
[   19.553022] cloud-init[943]: |                 |
[   19.553058] cloud-init[943]: |                 |
[   19.553093] cloud-init[943]: |   .  o          |
[   19.553120] cloud-init[943]: |. +. + +         |
[   19.553144] cloud-init[943]: |oo +=o+ES        |
[   19.553170] cloud-init[943]: |** ==B.*         |
[   19.553193] cloud-init[943]: |Xo=oB.O .        |
[   19.553218] cloud-init[943]: |o+++.+.o..       |
[   19.553243] cloud-init[943]: |..oo. .+o        |
[   19.553266] cloud-init[943]: +----[SHA256]-----+
[   19.553291] cloud-init[943]: Generating public/private ed25519 key pair.
[   19.553315] cloud-init[943]: Your identification has been saved in /etc/ssh/ssh_host_ed25519_key.
[   19.553351] cloud-init[943]: Your public key has been saved in /etc/ssh/ssh_host_ed25519_key.pub.
[   19.553379] cloud-init[943]: The key fingerprint is:
[   19.553408] cloud-init[943]: SHA256:FgtYovJlpMp0FFTL41kUqP2/YBB/nX9D6Mihv+HbEF8 root@ubuntu-xenial
[   19.553434] cloud-init[943]: The key's randomart image is:
[   19.553461] cloud-init[943]: +--[ED25519 256]--+
[   19.553508] cloud-init[943]: |  .+=.oo.        |
[   19.553539] cloud-init[943]: |  .+.=o          |
[   19.553566] cloud-init[943]: |..o.*=...        |
[   19.553592] cloud-init[943]: |o+.+..*. o. . .  |
[   19.553620] cloud-init[943]: |...  +..S. = . E |
[   19.553645] cloud-init[943]: |      .o. o B o  |
[   19.553672] cloud-init[943]: |       o.. = + o |
[   19.553698] cloud-init[943]: |      . ..o + . .|
[   19.553989] cloud-init[943]: |         ..=o.   |
[   19.554033] cloud-init[943]: +----[SHA256]-----+
         Starting /etc/rc.local Compatibility...
         Starting System Logging Service...
         Starting Apply the settings specified in cloud-config...
         Starting LXD - container startup/shutdown...
[[0;32m  OK  [0m] Started System Logging Service.
[[0;32m  OK  [0m] Started Auto import assertions from block devices.
[[0;32m  OK  [0m] Started Pollinate to seed the pseudo random number generator.
[[0;32m  OK  [0m] Started /etc/rc.local Compatibility.
[[0;32m  OK  [0m] Started LXD - container startup/shutdown.
[[0;32m  OK  [0m] Started LSB: Record successful boot for GRUB.
[[0;32m  OK  [0m] Started LSB: MD monitoring daemon.
[[0;32m  OK  [0m] Started Login to default iSCSI targets.
[[0;32m  OK  [0m] Started Login Service.
         Starting Authenticate and Authorize Users to Run Privileged Tasks...
[[0;32m  OK  [0m] Reached target Remote File Systems (Pre).
[[0;32m  OK  [0m] Reached target Remote File Systems.
[   20.332170] cloud-init[1147]: Generating locales (this might take a while)...
         Starting LSB: daemon to balance interrupts for SMP systems...
         Starting Permit User Sessions...
         Starting LSB: automatic crash report generation...
         Starting LSB: Set the CPU Frequency Scaling governor to "ondemand"...
         Starting LSB: VirtualBox Linux Additions...
         Starting OpenBSD Secure Shell server...
[[0;32m  OK  [0m] Started OpenBSD Secure Shell server.
[[0;32m  OK  [0m] Started Permit User Sessions.
[[0;32m  OK  [0m] Started Authenticate and Authorize Users to Run Privileged Tasks.
[[0;32m  OK  [0m] Started Accounts Service.
[[0;32m  OK  [0m] Started LSB: daemon to balance interrupts for SMP systems.
         Starting Hold until boot process finishes up...
         Starting Terminate Plymouth Boot Screen...
[[0;32m  OK  [0m] Started LSB: automatic crash report generation.
[[0;32m  OK  [0m] Started LSB: Set the CPU Frequency Scaling governor to "ondemand".
[[0;32m  OK  [0m] Started LSB: VirtualBox Linux Additions.
[[0;32m  OK  [0m] Started Hold until boot process finishes up.
[[0;32m  OK  [0m] Started Terminate Plymouth Boot Screen.
         Starting Set console scheme...
[[0;32m  OK  [0m] Started Serial Getty on ttyS0.
[[0;32m  OK  [0m] Started Getty on tty1.
[[0;32m  OK  [0m] Reached target Login Prompts.
[[0;32m  OK  [0m] Reached target Multi-User System.
[[0;32m  OK  [0m] Reached target Graphical Interface.
         Starting Update UTMP about System Runlevel Changes...
[[0;32m  OK  [0m] Started Set console scheme.
[[0;32m  OK  [0m] Started Update UTMP about System Runlevel Changes.
[   21.280059] cloud-init[1147]:   en_US.UTF-8... done
[   21.301777] cloud-init[1147]: Generation complete.
         Stopping OpenBSD Secure Shell server...
[[0;32m  OK  [0m] Stopped OpenBSD Secure Shell server.
         Starting OpenBSD Secure Shell server...
[[0;32m  OK  [0m] Started OpenBSD Secure Shell server.
[   21.704374] cloud-init[1147]: Cloud-init v. 0.7.9 running 'modules:config' at Fri, 07 Jul 2017 07:02:07 +0000. Up 20.23 seconds.
[[0;32m  OK  [0m] Started Apply the settings specified in cloud-config.
         Starting Execute cloud user/final scripts...
ci-info: no authorized ssh keys fingerprints found for user ubuntu.
<14>Jul  7 07:02:09 ec2: 
<14>Jul  7 07:02:09 ec2: #############################################################
<14>Jul  7 07:02:09 ec2: -----BEGIN SSH HOST KEY FINGERPRINTS-----
<14>Jul  7 07:02:09 ec2: 1024 SHA256:pukST8BhKpx0MFrlkrw+/dGA4UNDhHciVkrEMN/G0ZU root@ubuntu-xenial (DSA)
<14>Jul  7 07:02:09 ec2: 256 SHA256:4FuMpCroQsNSz5Di8gm24Je0Xj8Aex6G99CpnweqVHY root@ubuntu-xenial (ECDSA)
<14>Jul  7 07:02:09 ec2: 256 SHA256:FgtYovJlpMp0FFTL41kUqP2/YBB/nX9D6Mihv+HbEF8 root@ubuntu-xenial (ED25519)
<14>Jul  7 07:02:09 ec2: 2048 SHA256:BuxMIw5m1NMwsz390ABKHdoivDtRb7QYMNkjpvHvLe4 root@ubuntu-xenial (RSA)
<14>Jul  7 07:02:09 ec2: -----END SSH HOST KEY FINGERPRINTS-----
<14>Jul  7 07:02:09 ec2: #############################################################
-----BEGIN SSH HOST KEY KEYS-----
ecdsa-sha2-nistp256 AAAAE2VjZHNhLXNoYTItbmlzdHAyNTYAAAAIbmlzdHAyNTYAAABBBBFSSendKLZoYJ6z3t6DVXZgAxfsX+dOfWH/EbE6mngQ+VPT7DrldUTuq5tlYNHalul4p0Pc8gBx1BirjBbE91U= root@ubuntu-xenial
ssh-ed25519 AAAAC3NzaC1lZDI1NTE5AAAAIMBacHJgFPMcF1zJFTfq5do82ZasrEjax87u39hNRLaF root@ubuntu-xenial
ssh-rsa AAAAB3NzaC1yc2EAAAADAQABAAABAQDIsu3SrOnUIUH0UhTpDnqEUVi/7yLK/1KfVN7Rtu/ztfrklTOsDHP77USRFLdtK+JP0rFE+X9HV8geRpXGvKoEGMZWjyZsTEaSeLs5/d/oHtibEPwEkEvcGg9hDHWiZWgp1+fZ4QK+JwgOwD6C2EOEH1daesb05Wr8elTZu1rYRKveaaYglmbl49cUFxJU0nJYJvKQrNYBdLPT2Ctuz0dDzBFBqYePLinta8LmVDC+aW/1YiJQLQ0hjgMiVwd/AO5Zfty3T1sfF9rfljyJRRoq/QNWSShZwdQUouUHvLbBl6EIuZZ0/X0+ZIXExTv/XTUzsata3mjotSY2EpA2h6WB root@ubuntu-xenial
-----END SSH HOST KEY KEYS-----
[   22.745754] cloud-init[1311]: Cloud-init v. 0.7.9 running 'modules:final' at Fri, 07 Jul 2017 07:02:08 +0000. Up 22.08 seconds.
[   22.793625] cloud-init[1311]: ci-info: no authorized ssh keys fingerprints found for user ubuntu.
[   22.820411] cloud-init[1311]: Cloud-init v. 0.7.9 finished at Fri, 07 Jul 2017 07:02:09 +0000. Datasource DataSourceNoCloud [seed=/dev/sdb][dsmode=net].  Up 22.73 seconds
[[0;32m  OK  [0m] Started Execute cloud user/final scripts.
[[0;32m  OK  [0m] Reached target Cloud-init target.

Ubuntu 16.04.2 LTS ubuntu-xenial ttyS0

ubuntu-xenial login: 